 ac_server

 Timestamp is 6992f191 (Mon Feb 16 10:29:37 2026)

 Preferred load address is 00400000

 Start         Length     Name                   Class
 0001:00000000 00005750H .text                   CODE
 0001:00005750 00001790H .text$di                CODE
 0001:00006ee0 000616f0H .text$mn                CODE
 0001:000685d0 00000200H .text$x                 CODE
 0001:000687d0 00000bb0H .text$yd                CODE
 0002:00000000 000002d4H .idata$5                DATA
 0002:000002d4 00000008H .00cfg                  DATA
 0002:000002dc 00000004H .CRT$XCA                DATA
 0002:000002e0 00000004H .CRT$XCAA               DATA
 0002:000002e4 0000000cH .CRT$XCC                DATA
 0002:000002f0 00000008H .CRT$XCL                DATA
 0002:000002f8 00000120H .CRT$XCU                DATA
 0002:00000418 00000004H .CRT$XCZ                DATA
 0002:0000041c 00000004H .CRT$XIA                DATA
 0002:00000420 00000004H .CRT$XIAA               DATA
 0002:00000424 00000004H .CRT$XIAC               DATA
 0002:00000428 00000014H .CRT$XIC                DATA
 0002:0000043c 00000004H .CRT$XIZ                DATA
 0002:00000440 00000004H .CRT$XLA                DATA
 0002:00000444 00000004H .CRT$XLZ                DATA
 0002:00000448 00000004H .CRT$XPA                DATA
 0002:0000044c 00000008H .CRT$XPX                DATA
 0002:00000454 00000004H .CRT$XPXA               DATA
 0002:00000458 00000004H .CRT$XPZ                DATA
 0002:0000045c 00000004H .CRT$XTA                DATA
 0002:00000460 00000020H .CRT$XTZ                DATA
 0002:00000464 00000000H .gfids$y                DATA
 0002:00000480 0002bd80H .rdata                  DATA
 0002:0002c200 00000000H .rdata$CastGuardVftablesA DATA
 0002:0002c200 00000000H .rdata$CastGuardVftablesC DATA
 0002:0002c200 00000018H .rdata$T                DATA
 0002:0002c218 00001368H .rdata$r                DATA
 0002:0002d580 000000d0H .rdata$voltmd           DATA
 0002:0002d650 0000008cH .rdata$zzz              DATA
 0002:0002d6dc 00000494H .rdata$zzzdbg           DATA
 0002:0002db70 00000004H .rtc$IAA                DATA
 0002:0002db74 00000004H .rtc$IZZ                DATA
 0002:0002db78 00000004H .rtc$TAA                DATA
 0002:0002db7c 00000004H .rtc$TZZ                DATA
 0002:0002db80 00000004H .tls                    DATA
 0002:0002db84 00000004H .tls$                   DATA
 0002:0002db88 00000008H .tls$ZZZ                DATA
 0002:0002db90 00000d7cH .xdata$x                DATA
 0002:0002e90c 00000000H .edata                  DATA
 0002:0002e90c 000000a0H .idata$2                DATA
 0002:0002e9ac 00000014H .idata$3                DATA
 0002:0002e9c0 000002d4H .idata$4                DATA
 0002:0002ec94 00000b52H .idata$6                DATA
 0003:00000000 00004490H .data                   DATA
 0003:00004490 00000180H .data$r                 DATA
 0003:00004610 00000730H .data$rs                DATA
 0003:00004d40 0000ff60H .bss                    DATA
 0004:00000000 00000080H .fptable                DATA
 0005:00000000 000001c0H .rsrc$01                DATA
 0005:000001c0 00010ce8H .rsrc$02                DATA

  Address         Publics by Value              Rva+Base       Lib:Object

 0000:00000000       ___AbsoluteZero            00000000     <absolute>
 0000:00000000       ___arm64x_extra_rfe_table  00000000     <absolute>
 0000:00000000       ___arm64x_extra_rfe_table_size 00000000     <absolute>
 0000:00000000       ___arm64x_native_entrypoint 00000000     <absolute>
 0000:00000000       ___arm64x_redirection_metadata 00000000     <absolute>
 0000:00000000       ___arm64x_redirection_metadata_count 00000000     <absolute>
 0000:00000000       ___dynamic_value_reloc_table 00000000     <absolute>
 0000:00000000       ___enclave_config          00000000     <absolute>
 0000:00000000       ___guard_check_icall_a64n_fptr 00000000     <absolute>
 0000:00000000       ___guard_eh_cont_count     00000000     <absolute>
 0000:00000000       ___guard_eh_cont_table     00000000     <absolute>
 0000:00000000       ___guard_fids_count        00000000     <absolute>
 0000:00000000       ___guard_fids_table        00000000     <absolute>
 0000:00000000       ___guard_iat_count         00000000     <absolute>
 0000:00000000       ___guard_iat_table         00000000     <absolute>
 0000:00000000       ___guard_longjmp_count     00000000     <absolute>
 0000:00000000       ___guard_longjmp_table     00000000     <absolute>
 0000:00000000       ___hybrid_auxiliary_delayload_iat 00000000     <absolute>
 0000:00000000       ___hybrid_auxiliary_delayload_iat_copy 00000000     <absolute>
 0000:00000000       ___hybrid_auxiliary_iat    00000000     <absolute>
 0000:00000000       ___hybrid_auxiliary_iat_copy 00000000     <absolute>
 0000:00000000       ___hybrid_code_map         00000000     <absolute>
 0000:00000000       ___hybrid_code_map_count   00000000     <absolute>
 0000:00000000       ___hybrid_image_info_bitfield 00000000     <absolute>
 0000:00000000       ___safe_se_handler_count   00000000     <absolute>
 0000:00000000       ___safe_se_handler_table   00000000     <absolute>
 0000:00000000       ___x64_code_ranges_to_entry_points 00000000     <absolute>
 0000:00000000       ___x64_code_ranges_to_entry_points_count 00000000     <absolute>
 0000:00000000       __except_list              00000000     <absolute>
 0000:0000002c       __tls_array                0000002c     <absolute>
 0000:00000100       ___guard_flags             00000100     <absolute>
 0000:00000000       ___ImageBase               00400000     <linker-defined>
 0001:00000000       _enet_initialize           00401000 f   enet:win32.o
 0001:00000070       _enet_deinitialize         00401070 f   enet:win32.o
 0001:00000090       _enet_time_get             00401090 f   enet:win32.o
 0001:000000b0       _enet_time_set             004010b0 f   enet:win32.o
 0001:000000d0       _enet_address_set_host     004010d0 f   enet:win32.o
 0001:00000130       _enet_address_get_host_ip  00401130 f   enet:win32.o
 0001:00000180       _enet_address_get_host     00401180 f   enet:win32.o
 0001:00000200       _enet_socket_bind          00401200 f   enet:win32.o
 0001:00000280       _enet_socket_listen        00401280 f   enet:win32.o
 0001:000002c0       _enet_socket_create        004012c0 f   enet:win32.o
 0001:000002f0       _enet_socket_set_option    004012f0 f   enet:win32.o
 0001:00000440       _enet_socket_connect       00401440 f   enet:win32.o
 0001:000004e0       _enet_socket_accept        004014e0 f   enet:win32.o
 0001:00000570       _enet_socket_shutdown      00401570 f   enet:win32.o
 0001:000005a0       _enet_socket_destroy       004015a0 f   enet:win32.o
 0001:000005c0       _enet_socket_send          004015c0 f   enet:win32.o
 0001:000006a0       _enet_socket_receive       004016a0 f   enet:win32.o
 0001:00000790       _enet_socketset_select     00401790 f   enet:win32.o
 0001:000007f0       _enet_socket_wait          004017f0 f   enet:win32.o
 0001:000009c0       _enet_peer_throttle        004019c0 f   enet:peer.o
 0001:00000a40       _enet_peer_receive         00401a40 f   enet:peer.o
 0001:00000aa0       _enet_peer_reset_queues    00401aa0 f   enet:peer.o
 0001:00000ba0       _enet_peer_reset           00401ba0 f   enet:peer.o
 0001:00000d40       _enet_peer_ping_interval   00401d40 f   enet:peer.o
 0001:00000d60       _enet_peer_timeout         00401d60 f   enet:peer.o
 0001:00000db0       _enet_peer_queue_acknowledgement 00401db0 f   enet:peer.o
 0001:00000e90       _enet_peer_setup_outgoing_command 00401e90 f   enet:peer.o
 0001:00001010       _enet_peer_queue_outgoing_command 00402010 f   enet:peer.o
 0001:000010c0       _enet_peer_throttle_configure 004020c0 f   enet:peer.o
 0001:00001150       _enet_peer_send            00402150 f   enet:peer.o
 0001:00001460       _enet_peer_ping            00402460 f   enet:peer.o
 0001:000014b0       _enet_peer_disconnect_now  004024b0 f   enet:peer.o
 0001:00001530       _enet_peer_disconnect      00402530 f   enet:peer.o
 0001:000015f0       _enet_peer_disconnect_later 004025f0 f   enet:peer.o
 0001:00001650       _enet_peer_dispatch_incoming_unreliable_commands 00402650 f   enet:peer.o
 0001:00001890       _enet_peer_dispatch_incoming_reliable_commands 00402890 f   enet:peer.o
 0001:00001990       _enet_peer_queue_incoming_command 00402990 f   enet:peer.o
 0001:00002e90       _enet_protocol_command_size 00403e90 f   enet:protocol.o
 0001:00002ea0       _enet_host_flush           00403ea0 f   enet:protocol.o
 0001:00002ec0       _enet_host_check_events    00403ec0 f   enet:protocol.o
 0001:00002ef0       _enet_host_service         00403ef0 f   enet:protocol.o
 0001:000048b0       _enet_packet_create        004058b0 f   enet:packet.o
 0001:00004950       _enet_packet_destroy       00405950 f   enet:packet.o
 0001:000049a0       _enet_packet_resize        004059a0 f   enet:packet.o
 0001:00004a00       _enet_crc32                00405a00 f   enet:packet.o
 0001:00004a80       _enet_crc32_inc            00405a80 f   enet:packet.o
 0001:00004ab0       _enet_host_create          00405ab0 f   enet:host.o
 0001:00004e30       _enet_host_destroy         00405e30 f   enet:host.o
 0001:00004ec0       _enet_host_connect         00405ec0 f   enet:host.o
 0001:00005150       _enet_host_broadcast       00406150 f   enet:host.o
 0001:000051d0       _enet_host_compress        004061d0 f   enet:host.o
 0001:00005240       _enet_host_channel_limit   00406240 f   enet:host.o
 0001:00005260       _enet_host_bandwidth_limit 00406260 f   enet:host.o
 0001:00005280       _enet_host_bandwidth_throttle 00406280 f   enet:host.o
 0001:00005610       _enet_initialize_with_callbacks 00406610 f   enet:callbacks.o
 0001:00005660       _enet_malloc               00406660 f   enet:callbacks.o
 0001:000056a0       _enet_free                 004066a0 f   enet:callbacks.o
 0001:000056b0       _enet_list_clear           004066b0 f   enet:list.o
 0001:000056c0       _enet_list_insert          004066c0 f   enet:list.o
 0001:000056e0       _enet_list_remove          004066e0 f   enet:list.o
 0001:00005700       _enet_list_move            00406700 f   enet:list.o
 0001:00005730       _enet_list_size            00406730 f   enet:list.o
 0001:00006ee0       ??0exception@std@@QAE@ABV01@@Z 00407ee0 f i encryption.obj
 0001:00006f10       ?what@exception@std@@UBEPBDXZ 00407f10 f i encryption.obj
 0001:00006f20       ??_Ebad_alloc@std@@UAEPAXI@Z 00407f20 f i * CIL library *:* CIL module *
 0001:00006f20       ??_Ebad_array_new_length@std@@UAEPAXI@Z 00407f20 f i * CIL library *:* CIL module *
 0001:00006f20       ??_Ebad_cast@std@@UAEPAXI@Z 00407f20 f i * CIL library *:* CIL module *
 0001:00006f20       ??_Eexception@std@@UAEPAXI@Z 00407f20 f i * CIL library *:* CIL module *
 0001:00006f20       ??_Eruntime_error@std@@UAEPAXI@Z 00407f20 f i * CIL library *:* CIL module *
 0001:00006f20       ??_Gbad_alloc@std@@UAEPAXI@Z 00407f20 f i encryption.obj
 0001:00006f20       ??_Gbad_array_new_length@std@@UAEPAXI@Z 00407f20 f i encryption.obj
 0001:00006f20       ??_Gbad_cast@std@@UAEPAXI@Z 00407f20 f i server.obj
 0001:00006f20       ??_Gexception@std@@UAEPAXI@Z 00407f20 f i encryption.obj
 0001:00006f20       ??_Gruntime_error@std@@UAEPAXI@Z 00407f20 f i server.obj
 0001:00006f50       ??1bad_alloc@std@@UAE@XZ   00407f50 f i encryption.obj
 0001:00006f50       ??1bad_array_new_length@std@@UAE@XZ 00407f50 f i encryption.obj
 0001:00006f50       ??1bad_cast@std@@UAE@XZ    00407f50 f i server.obj
 0001:00006f50       ??1bad_exception@std@@UAE@XZ 00407f50 f i libvcruntime:frame.obj
 0001:00006f50       ??1failure@ios_base@std@@UAE@XZ 00407f50 f i server.obj
 0001:00006f50       ??1length_error@std@@UAE@XZ 00407f50 f i libcpmt:xthrow.obj
 0001:00006f50       ??1out_of_range@std@@UAE@XZ 00407f50 f i libcpmt:xthrow.obj
 0001:00006f50       ??1runtime_error@std@@UAE@XZ 00407f50 f i server.obj
 0001:00006f70       ??0bad_array_new_length@std@@QAE@XZ 00407f70 f i encryption.obj
 0001:00006f90       ?_Throw_bad_array_new_length@std@@YAXXZ 00407f90 f i encryption.obj
 0001:00006fb0       ??0bad_array_new_length@std@@QAE@ABV01@@Z 00407fb0 f i encryption.obj
 0001:00006fe0       ??0bad_alloc@std@@QAE@ABV01@@Z 00407fe0 f i encryption.obj
 0001:00007010       ?_Xlen_string@std@@YAXXZ   00408010 f i encryption.obj
 0001:00007020       ??1?$basic_string@DU?$char_traits@D@std@@V?$allocator@D@2@@std@@QAE@XZ 00408020 f i encryption.obj
 0001:00007070       ??0?$basic_string@DU?$char_traits@D@std@@V?$allocator@D@2@@std@@QAE@$$QAV01@@Z 00408070 f i encryption.obj
 0001:000070b0       ??0?$basic_string@DU?$char_traits@D@std@@V?$allocator@D@2@@std@@QAE@ABV01@@Z 004080b0 f i encryption.obj
 0001:00007160       ??$_Allocate_for_capacity@$0A@@?$basic_string@DU?$char_traits@D@std@@V?$allocator@D@2@@std@@CAPADAAV?$allocator@D@1@AAI@Z 00408160 f i encryption.obj
 0001:000071c0       ??$_Allocate_at_least_helper@V?$allocator@D@std@@@std@@YAPADAAV?$allocator@D@0@AAI@Z 004081c0 f i encryption.obj
 0001:00007210       ?deallocate@?$allocator@D@std@@QAEXQADI@Z 00408210 f i encryption.obj
 0001:00007250       ?substr@?$basic_string@DU?$char_traits@D@std@@V?$allocator@D@2@@std@@QBE?AV12@II@Z 00408250 f i netutil.obj
 0001:000072a0       ??0?$basic_string@DU?$char_traits@D@std@@V?$allocator@D@2@@std@@QAE@ID@Z 004082a0 f i netutil.obj
 0001:00007350       ??0?$basic_string@DU?$char_traits@D@std@@V?$allocator@D@2@@std@@QAE@QBD@Z 00408350 f i netutil.obj
 0001:00007390       ??$_Append@D@?$basic_string@DU?$char_traits@D@std@@V?$allocator@D@2@@std@@AAEAAV01@QBDI@Z 00408390 f i netutil.obj
 0001:000074f0       ??$_Construct@$00PBD@?$basic_string@DU?$char_traits@D@std@@V?$allocator@D@2@@std@@AAEXQBDI@Z 004084f0 f i netutil.obj
 0001:00007580       ?assign@?$basic_string@DU?$char_traits@D@std@@V?$allocator@D@2@@std@@QAEAAV12@QBDI@Z 00408580 f i netutil.obj
 0001:00007670       ??$_Traits_equal@U?$char_traits@D@std@@@std@@YA_NQBDI0I@Z 00408670 f i netutil.obj
 0001:000076f0       ??$_Insert@D@?$basic_string@DU?$char_traits@D@std@@V?$allocator@D@2@@std@@AAEAAV01@IQBDI@Z 004086f0 f i netutil.obj
 0001:00007880       ?_Xran@?$_String_val@U?$_Simple_types@D@std@@@std@@SAXXZ 00408880 f i netutil.obj
 0001:00007890       ___local_stdio_printf_options 00408890 f i server.obj
 0001:000078a0       ___local_stdio_scanf_options 004088a0 f i server.obj
 0001:000078b0       __vfprintf_l               004088b0 f i server.obj
 0001:000078e0       _printf                    004088e0 f i server.obj
 0001:00007910       __vsnprintf_l              00408910 f i server.obj
 0001:00007950       _sprintf_s                 00408950 f i server.obj
 0001:00007990       _sscanf                    00408990 f i server.obj
 0001:000079c0       ?vformatstring_@@YAXPADPBD0H@Z 004089c0 f i server.obj
 0001:000079e0       ?concatstring@@YAPADPADPBDI@Z 004089e0 f i server.obj
 0001:00007a20       ??0stringformatter@@QAE@PAD@Z 00408a20 f i server.obj
 0001:00007a30       ??Rstringformatter@@QAAXPBDZZ 00408a30 f i server.obj
 0001:00007a60       ??0packetbuf@@QAE@HH@Z     00408a60 f i server.obj
 0001:00007ab0       ??1packetbuf@@QAE@XZ       00408ab0 f i server.obj
 0001:00007af0       ?put@packetbuf@@QAEXPBEH@Z 00408af0 f i server.obj
 0001:00007b70       ?finalize@packetbuf@@QAEPAU_ENetPacket@@XZ 00408b70 f i server.obj
 0001:00007ba0       ?pickup@playerstate@@QAEXH@Z 00408ba0 f i server.obj
 0001:00007ca0       ?spawnstate@playerstate@@UAEXH@Z 00408ca0 f i server.obj
 0001:00007dc0       ??_Eplayerstate@@UAEPAXI@Z 00408dc0 f i * CIL library *:* CIL module *
 0001:00007dc0       ??_Gplayerstate@@UAEPAXI@Z 00408dc0 f i server.obj
 0001:00007df0       ??0exception@std@@QAE@QBD@Z 00408df0 f i server.obj
 0001:00007e30       ??0serverconfigfile@@QAE@XZ 00408e30 f i server.obj
 0001:00007e90       ??1serverconfigfile@@UAE@XZ 00408e90 f i server.obj
 0001:00007ed0       ?_Lock@?$basic_streambuf@DU?$char_traits@D@std@@@std@@UAEXXZ 00408ed0 f i server.obj
 0001:00007ed0       ?_Unlock@?$basic_streambuf@DU?$char_traits@D@std@@@std@@UAEXXZ 00408ed0 f i server.obj
 0001:00007ed0       ?clear@serverconfigfile@@UAEXXZ 00408ed0 f i server.obj
 0001:00007ed0       ?fflush@stream@@UAEXXZ     00408ed0 f i stream.obj
 0001:00007ed0       ?perform@recorddemoaction@@UAEXXZ 00408ed0 f i server.obj
 0001:00007ed0       ?read@serverconfigfile@@UAEXXZ 00408ed0 f i server.obj
 0001:00007ed0       @_guard_check_icall_nop@4  00408ed0 f i LIBCMT:guard_support.obj
 0001:00007ed0       __initialize_denormal_control 00408ed0 f i LIBCMT:denormal_control.obj
 0001:00007ed0       __initialize_invalid_parameter_handler 00408ed0 f i LIBCMT:invalid_parameter_handler.obj
 0001:00007ee0       ??_Eserverconfigfile@@UAEPAXI@Z 00408ee0 f i * CIL library *:* CIL module *
 0001:00007ee0       ??_Eserverparameter@@UAEPAXI@Z 00408ee0 f i * CIL library *:* CIL module *
 0001:00007ee0       ??_Gserverconfigfile@@UAEPAXI@Z 00408ee0 f i server.obj
 0001:00007ee0       ??_Gserverparameter@@UAEPAXI@Z 00408ee0 f i server.obj
 0001:00007f40       ?checkarg@servercommandline@@QAE_NPBD@Z 00408f40 f i server.obj
 0001:00008b10       ?isalive@clientstate@@QAE_NH@Z 00409b10 f i server.obj
 0001:00008b40       ?respawn@clientstate@@QAEXXZ 00409b40 f i server.obj
 0001:00008c70       ??_Eclientstate@@UAEPAXI@Z 00409c70 f i * CIL library *:* CIL module *
 0001:00008c70       ??_Gclientstate@@UAEPAXI@Z 00409c70 f i server.obj
 0001:00008ca0       ?save@savedscore@@QAEXAAUclientstate@@H@Z 00409ca0 f i server.obj
 0001:00008d30       ?addevent@client@@QAEAATgameevent@@XZ 00409d30 f i server.obj
 0001:00008de0       ?mapchange@client@@QAEX_N@Z 00409de0 f i server.obj
 0001:00008fa0       ?reset@client@@QAEXXZ      00409fa0 f i server.obj
 0001:00009110       ?checkvitadate@client@@QAE_NH@Z 0040a110 f i server.obj
 0001:00009140       ??_Eservercontroller@@UAEPAXI@Z 0040a140 f i * CIL library *:* CIL module *
 0001:00009140       ??_Gservercontroller@@UAEPAXI@Z 0040a140 f i server.obj
 0001:00009170       ??0winservice@@QAE@PBDHPAPAD@Z 0040a170 f i server.obj
 0001:000091a0       ?start@winservice@@UAEXXZ  0040a1a0 f i server.obj
 0001:000091f0       ?keepalive@winservice@@UAEXXZ 0040a1f0 f i server.obj
 0001:00009250       ?stop@winservice@@UAEXXZ   0040a250 f i server.obj
 0001:000092d0       ?main@callbacks@winservice@@SGHXZ 0040a2d0 f i server.obj
 0001:00009450       ?requesthandler@callbacks@winservice@@SGXK@Z 0040a450 f i server.obj
 0001:000094f0       ??_Ewinservice@@UAEPAXI@Z  0040a4f0 f i * CIL library *:* CIL module *
 0001:000094f0       ??_Gwinservice@@UAEPAXI@Z  0040a4f0 f i server.obj
 0001:000095a0       ??0servermap@@QAE@PBD0@Z   0040a5a0 f i server.obj
 0001:00009600       ?load@servermap@@QAEXXZ    0040a600 f i server.obj
 0001:0000a850       ?clear@servermaprot@@UAEXXZ 0040b850 f i server.obj
 0001:0000a8b0       ?load@servermaprot@@UAE_NXZ 0040b8b0 f i server.obj
 0001:0000ad80       ?read@servermaprot@@UAEXXZ 0040bd80 f i server.obj
 0001:0000aed0       ?initmap@servermaprot@@QAEXPAUservermap@@PAUstream@@@Z 0040bed0 f i server.obj
 0001:0000b4a0       ??_Eservermaprot@@UAEPAXI@Z 0040c4a0 f i * CIL library *:* CIL module *
 0001:0000b4a0       ??_Gservermaprot@@UAEPAXI@Z 0040c4a0 f i server.obj
 0001:0000b4d0       ??1servermaprot@@UAE@XZ    0040c4d0 f i server.obj
 0001:0000b560       ?clear@serverinfofile@@UAEXXZ 0040c560 f i server.obj
 0001:0000b560       ?clear@serveripblacklist@@UAEXXZ 0040c560 f i server.obj
 0001:0000b560       ?clear@serveripcclist@@UAEXXZ 0040c560 f i server.obj
 0001:0000b580       ?read@serveripcclist@@UAEXXZ 0040c580 f i server.obj
 0001:0000bb10       ?read@serveripblacklist@@UAEXXZ 0040cb10 f i server.obj
 0001:0000bec0       ?check@serveripblacklist@@QAE_NI@Z 0040cec0 f i server.obj
 0001:0000bf10       ?clear@servernickblacklist@@UAEXXZ 0040cf10 f i server.obj
 0001:0000bfd0       ?read@servernickblacklist@@UAEXXZ 0040cfd0 f i server.obj
 0001:0000ca80       ?checkwhitelist@servernickblacklist@@QAEHABUclient@@@Z 0040da80 f i server.obj
 0001:0000cbe0       ?checkblacklist@servernickblacklist@@QAEHPBD@Z 0040dbe0 f i server.obj
 0001:0000cd30       ?clear@serverforbiddenlist@@UAEXXZ 0040dd30 f i server.obj
 0001:0000cd60       ?read@serverforbiddenlist@@UAEXXZ 0040dd60 f i server.obj
 0001:0000ce90       ?canspeech@serverforbiddenlist@@QAE_NPAD@Z 0040de90 f i server.obj
 0001:0000d020       ?clear@serverpasswords@@UAEXXZ 0040e020 f i server.obj
 0001:0000d040       ?read@serverpasswords@@UAEXXZ 0040e040 f i server.obj
 0001:0000d2f0       ?check@serverpasswords@@QAE_NPBD0HPAUpwddetail@@I@Z 0040e2f0 f i server.obj
 0001:0000d5b0       ??_Eserverinfofile@@UAEPAXI@Z 0040e5b0 f i * CIL library *:* CIL module *
 0001:0000d5b0       ??_Eserverpasswords@@UAEPAXI@Z 0040e5b0 f i * CIL library *:* CIL module *
 0001:0000d5b0       ??_Gserverinfofile@@UAEPAXI@Z 0040e5b0 f i server.obj
 0001:0000d5b0       ??_Gserverpasswords@@UAEPAXI@Z 0040e5b0 f i server.obj
 0001:0000d5e0       ??1serverinfofile@@UAE@XZ  0040e5e0 f i server.obj
 0001:0000d5e0       ??1serveripblacklist@@UAE@XZ 0040e5e0 f i server.obj
 0001:0000d5e0       ??1serveripcclist@@UAE@XZ  0040e5e0 f i server.obj
 0001:0000d5e0       ??1serverpasswords@@UAE@XZ 0040e5e0 f i server.obj
 0001:0000d650       ?read@serverinfofile@@UAEXXZ 0040e650 f i server.obj
 0001:0000d760       ?update@servpar@@QAEXXZ    0040e760 f i server.obj
 0001:0000d870       ?nextvalue@servpar@@QAE_NPAD@Z 0040e870 f i server.obj
 0001:0000d920       ?load@serverparameter@@UAE_NXZ 0040e920 f i server.obj
 0001:0000dac0       ?read@serverparameter@@UAEXXZ 0040eac0 f i server.obj
 0001:0000dc30       ??0runtime_error@std@@QAE@ABV01@@Z 0040ec30 f i server.obj
 0001:0000dc60       ?default_error_condition@error_category@std@@UBE?AVerror_condition@2@H@Z 0040ec60 f i server.obj
 0001:0000dc70       ?equivalent@error_category@std@@UBE_NHABVerror_condition@2@@Z 0040ec70 f i server.obj
 0001:0000dcb0       ?equivalent@error_category@std@@UBE_NABVerror_code@2@H@Z 0040ecb0 f i server.obj
 0001:0000dce0       ?make_error_code@std@@YA?AVerror_code@1@W4io_errc@1@@Z 0040ece0 f i server.obj
 0001:0000dd00       ??_E_System_error@std@@UAEPAXI@Z 0040ed00 f i * CIL library *:* CIL module *
 0001:0000dd00       ??_Efailure@ios_base@std@@UAEPAXI@Z 0040ed00 f i * CIL library *:* CIL module *
 0001:0000dd00       ??_Esystem_error@std@@UAEPAXI@Z 0040ed00 f i * CIL library *:* CIL module *
 0001:0000dd00       ??_G_System_error@std@@UAEPAXI@Z 0040ed00 f i server.obj
 0001:0000dd00       ??_Gfailure@ios_base@std@@UAEPAXI@Z 0040ed00 f i server.obj
 0001:0000dd00       ??_Gsystem_error@std@@UAEPAXI@Z 0040ed00 f i server.obj
 0001:0000dd30       ??0system_error@std@@QAE@Verror_code@1@PBD@Z 0040ed30 f i server.obj
 0001:0000df10       ??0system_error@std@@QAE@ABV01@@Z 0040ef10 f i server.obj
 0001:0000df60       ??0_System_error@std@@QAE@ABV01@@Z 0040ef60 f i server.obj
 0001:0000dfa0       ?name@_Iostream_error_category2@std@@UBEPBDXZ 0040efa0 f i server.obj
 0001:0000dfb0       ?message@_Iostream_error_category2@std@@UBE?AV?$basic_string@DU?$char_traits@D@std@@V?$allocator@D@2@@2@H@Z 0040efb0 f i server.obj
 0001:0000e060       ??_E_Iostream_error_category2@std@@UAEPAXI@Z 0040f060 f i * CIL library *:* CIL module *
 0001:0000e060       ??_G_Iostream_error_category2@std@@UAEPAXI@Z 0040f060 f i server.obj
 0001:0000e080       ??0bad_cast@std@@QAE@XZ    0040f080 f i server.obj
 0001:0000e0a0       ?_Throw_bad_cast@std@@YAXXZ 0040f0a0 f i server.obj
 0001:0000e0c0       ??0bad_cast@std@@QAE@ABV01@@Z 0040f0c0 f i server.obj
 0001:0000e0f0       ??_E_Facet_base@std@@UAEPAXI@Z 0040f0f0 f i * CIL library *:* CIL module *
 0001:0000e0f0       ??_G_Facet_base@std@@UAEPAXI@Z 0040f0f0 f i server.obj
 0001:0000e120       ??1_Locinfo@std@@QAE@XZ    0040f120 f i server.obj
 0001:0000e1c0       ?_Incref@facet@locale@std@@UAEXXZ 0040f1c0 f i server.obj
 0001:0000e1d0       ?_Decref@facet@locale@std@@UAEPAV_Facet_base@3@XZ 0040f1d0 f i server.obj
 0001:0000e1f0       ??1locale@std@@QAE@XZ      0040f1f0 f i server.obj
 0001:0000e210       ?do_tolower@?$ctype@D@std@@MBEDD@Z 0040f210 f i server.obj
 0001:0000e230       ?do_tolower@?$ctype@D@std@@MBEPBDPADPBD@Z 0040f230 f i server.obj
 0001:0000e260       ?do_toupper@?$ctype@D@std@@MBEDD@Z 0040f260 f i server.obj
 0001:0000e280       ?do_toupper@?$ctype@D@std@@MBEPBDPADPBD@Z 0040f280 f i server.obj
 0001:0000e2b0       ?do_widen@?$ctype@D@std@@MBEDD@Z 0040f2b0 f i server.obj
 0001:0000e2c0       ?do_widen@?$ctype@D@std@@MBEPBDPBD0PAD@Z 0040f2c0 f i server.obj
 0001:0000e2e0       ?do_narrow@?$ctype@D@std@@MBEDDD@Z 0040f2e0 f i server.obj
 0001:0000e2f0       ?do_narrow@?$ctype@D@std@@MBEPBDPBD0DPAD@Z 0040f2f0 f i server.obj
 0001:0000e310       ??_E?$ctype@D@std@@MAEPAXI@Z 0040f310 f i * CIL library *:* CIL module *
 0001:0000e310       ??_G?$ctype@D@std@@MAEPAXI@Z 0040f310 f i server.obj
 0001:0000e360       ??0failure@ios_base@std@@QAE@PBDABVerror_code@2@@Z 0040f360 f i server.obj
 0001:0000e390       ?clear@ios_base@std@@QAEXH_N@Z 0040f390 f i server.obj
 0001:0000e410       ??0failure@ios_base@std@@QAE@ABV012@@Z 0040f410 f i server.obj
 0001:0000e460       ??_Eios_base@std@@UAEPAXI@Z 0040f460 f i * CIL library *:* CIL module *
 0001:0000e460       ??_Gios_base@std@@UAEPAXI@Z 0040f460 f i server.obj
 0001:0000e490       ??_Eserveripblacklist@@UAEPAXI@Z 0040f490 f i * CIL library *:* CIL module *
 0001:0000e490       ??_Eserveripcclist@@UAEPAXI@Z 0040f490 f i * CIL library *:* CIL module *
 0001:0000e490       ??_Gserveripblacklist@@UAEPAXI@Z 0040f490 f i server.obj
 0001:0000e490       ??_Gserveripcclist@@UAEPAXI@Z 0040f490 f i server.obj
 0001:0000e4c0       ??1servernickblacklist@@UAE@XZ 0040f4c0 f i server.obj
 0001:0000e5d0       ??_Eservernickblacklist@@UAEPAXI@Z 0040f5d0 f i * CIL library *:* CIL module *
 0001:0000e5d0       ??_Gservernickblacklist@@UAEPAXI@Z 0040f5d0 f i server.obj
 0001:0000e600       ??_Eserverforbiddenlist@@UAEPAXI@Z 0040f600 f i * CIL library *:* CIL module *
 0001:0000e600       ??_Gserverforbiddenlist@@UAEPAXI@Z 0040f600 f i server.obj
 0001:0000e660       ??_Gservermap@@QAEPAXI@Z   0040f660 f i server.obj
 0001:0000e760       ??_Gworldstate@@QAEPAXI@Z  0040f760 f i server.obj
 0001:0000e7c0       ??_G?$vector@E@@QAEPAXI@Z  0040f7c0 f i server.obj
 0001:0000e800       ?send_item_list@@YAXAAUpacketbuf@@@Z 0040f800 f i server.obj
 0001:0000e890       ?check_pdist@@YAHPAUclient@@AAM@Z 0040f890 f i server.obj
 0001:0000e8e0       ?addban@@YAXPAUclient@@HH@Z 0040f8e0 f i server.obj
 0001:0000e9f0       ?isvalid@recorddemoaction@@UAE_NXZ 0040f9f0 f i server.obj
 0001:0000e9f0       ?isvalid@serveraction@@UAE_NXZ 0040f9f0 f i server.obj
 0001:0000e9f0       ___acrt_uninitialize_command_line 0040f9f0 f i libucrt:argv_data.obj
 0001:0000e9f0       __should_initialize_environment 0040f9f0 f i LIBCMT:env_mode.obj
 0001:0000ea00       ?isdisabled@mapaction@@UAE_NXZ 0040fa00 f i server.obj
 0001:0000ea00       ?isdisabled@serveraction@@UAE_NXZ 0040fa00 f i server.obj
 0001:0000ea10       ??_Eremovebansaction@@UAEPAXI@Z 0040fa10 f i * CIL library *:* CIL module *
 0001:0000ea10       ??_Eserveraction@@UAEPAXI@Z 0040fa10 f i * CIL library *:* CIL module *
 0001:0000ea10       ??_Eshuffleteamaction@@UAEPAXI@Z 0040fa10 f i * CIL library *:* CIL module *
 0001:0000ea10       ??_Gremovebansaction@@UAEPAXI@Z 0040fa10 f i server.obj
 0001:0000ea10       ??_Gserveraction@@UAEPAXI@Z 0040fa10 f i server.obj
 0001:0000ea10       ??_Gshuffleteamaction@@UAEPAXI@Z 0040fa10 f i server.obj
 0001:0000ea40       ?perform@mapaction@@UAEXXZ 0040fa40 f i server.obj
 0001:0000eb30       ?isvalid@mapaction@@UAE_NXZ 0040fb30 f i server.obj
 0001:0000eb80       ??0mapaction@@QAE@PADHHH_N@Z 0040fb80 f i server.obj
 0001:0000f110       ??_Emapaction@@UAEPAXI@Z   00410110 f i * CIL library *:* CIL module *
 0001:0000f110       ??_Gmapaction@@UAEPAXI@Z   00410110 f i server.obj
 0001:0000f160       ?perform@demoplayaction@@UAEXXZ 00410160 f i server.obj
 0001:0000f170       ??_Edemoplayaction@@UAEPAXI@Z 00410170 f i * CIL library *:* CIL module *
 0001:0000f170       ??_Gdemoplayaction@@UAEPAXI@Z 00410170 f i server.obj
 0001:0000f1c0       ?isvalid@playeraction@@UAE_NXZ 004101c0 f i server.obj
 0001:0000f1f0       ??0playeraction@@QAE@H@Z   004101f0 f i server.obj
 0001:0000f250       ??_Egiveadminaction@@UAEPAXI@Z 00410250 f i * CIL library *:* CIL module *
 0001:0000f250       ??_Eplayeraction@@UAEPAXI@Z 00410250 f i * CIL library *:* CIL module *
 0001:0000f250       ??_Ggiveadminaction@@UAEPAXI@Z 00410250 f i server.obj
 0001:0000f250       ??_Gplayeraction@@UAEPAXI@Z 00410250 f i server.obj
 0001:0000f280       ?perform@forceteamaction@@UAEXXZ 00410280 f i server.obj
 0001:0000f2a0       ?isvalid@forceteamaction@@UAE_NXZ 004102a0 f i server.obj
 0001:0000f2e0       ??_Ebanaction@@UAEPAXI@Z   004102e0 f i * CIL library *:* CIL module *
 0001:0000f2e0       ??_Eforceteamaction@@UAEPAXI@Z 004102e0 f i * CIL library *:* CIL module *
 0001:0000f2e0       ??_Ekickaction@@UAEPAXI@Z  004102e0 f i * CIL library *:* CIL module *
 0001:0000f2e0       ??_Gbanaction@@UAEPAXI@Z   004102e0 f i server.obj
 0001:0000f2e0       ??_Gforceteamaction@@UAEPAXI@Z 004102e0 f i server.obj
 0001:0000f2e0       ??_Gkickaction@@UAEPAXI@Z  004102e0 f i server.obj
 0001:0000f310       ?perform@giveadminaction@@UAEXXZ 00410310 f i server.obj
 0001:0000f330       ?perform@kickaction@@UAEXXZ 00410330 f i server.obj
 0001:0000f390       ?isvalid@banaction@@UAE_NXZ 00410390 f i server.obj
 0001:0000f390       ?isvalid@kickaction@@UAE_NXZ 00410390 f i server.obj
 0001:0000f3d0       ?perform@banaction@@UAEXXZ 004103d0 f i server.obj
 0001:0000f430       ?perform@removebansaction@@UAEXXZ 00410430 f i server.obj
 0001:0000f450       ?perform@pauseaction@@UAEXXZ 00410450 f i server.obj
 0001:0000f4d0       ?isvalid@pauseaction@@UAE_NXZ 004104d0 f i server.obj
 0001:0000f4f0       ??_Eautoteamaction@@UAEPAXI@Z 004104f0 f i * CIL library *:* CIL module *
 0001:0000f4f0       ??_Ecleardemosaction@@UAEPAXI@Z 004104f0 f i * CIL library *:* CIL module *
 0001:0000f4f0       ??_Emastermodeaction@@UAEPAXI@Z 004104f0 f i * CIL library *:* CIL module *
 0001:0000f4f0       ??_Epauseaction@@UAEPAXI@Z 004104f0 f i * CIL library *:* CIL module *
 0001:0000f4f0       ??_Erecorddemoaction@@UAEPAXI@Z 004104f0 f i * CIL library *:* CIL module *
 0001:0000f4f0       ??_Gautoteamaction@@UAEPAXI@Z 004104f0 f i server.obj
 0001:0000f4f0       ??_Gcleardemosaction@@UAEPAXI@Z 004104f0 f i server.obj
 0001:0000f4f0       ??_Gmastermodeaction@@UAEPAXI@Z 004104f0 f i server.obj
 0001:0000f4f0       ??_Gpauseaction@@UAEPAXI@Z 004104f0 f i server.obj
 0001:0000f4f0       ??_Grecorddemoaction@@UAEPAXI@Z 004104f0 f i server.obj
 0001:0000f520       ?perform@mastermodeaction@@UAEXXZ 00410520 f i server.obj
 0001:0000f530       ?isvalid@mastermodeaction@@UAE_NXZ 00410530 f i server.obj
 0001:0000f540       ?perform@autoteamaction@@UAEXXZ 00410540 f i server.obj
 0001:0000f5e0       ?perform@shuffleteamaction@@UAEXXZ 004105e0 f i server.obj
 0001:0000f630       ?isvalid@shuffleteamaction@@UAE_NXZ 00410630 f i server.obj
 0001:0000f680       ?perform@cleardemosaction@@UAEXXZ 00410680 f i server.obj
 0001:0000f760       ?perform@serverdescaction@@UAEXXZ 00410760 f i server.obj
 0001:0000f810       ?isvalid@serverdescaction@@UAE_NXZ 00410810 f i server.obj
 0001:0000f850       ??_Eserverdescaction@@UAEPAXI@Z 00410850 f i * CIL library *:* CIL module *
 0001:0000f850       ??_Gserverdescaction@@UAEPAXI@Z 00410850 f i server.obj
 0001:0000f8a0       ?end@voteinfo@@QAEXH@Z     004108a0 f i server.obj
 0001:0000f950       ?evaluate@voteinfo@@QAEX_N@Z 00410950 f i server.obj
 0001:0000fb20       ??$use_facet@V?$ctype@D@std@@@std@@YAABV?$ctype@D@0@ABVlocale@0@@Z 00410b20 f i server.obj
 0001:0000fcc0       ??$?6U?$char_traits@D@std@@@std@@YAAAV?$basic_ostream@DU?$char_traits@D@std@@@0@AAV10@PBD@Z 00410cc0 f i server.obj
 0001:0000fec0       ?getbits@?$bitbuf@U?$databuf@E@@@@QAEHH@Z 00410ec0 f i server.obj
 0001:0000ff70       ?full@?$ringbuf@PAUservinfoauth@@$0BA@@@QBE_NXZ 00410f70 f i server.obj
 0001:0000ffa0       ?add@?$vector@H@@QAEAAHABH@Z 00410fa0 f i server.obj
 0001:0000ffa0       ?add@?$vector@PAUservermap@@@@QAEAAPAUservermap@@ABQAU2@@Z 00410fa0 f i server.obj
 0001:00010030       ?add@?$ringbuf@E$0EAAAA@@@QAEXPBEH@Z 00411030 f i server.obj
 0001:000100b0       ??1?$_Hash_vec@V?$allocator@V?$_List_unchecked_iterator@V?$_List_val@U?$_List_simple_types@U?$pair@$$CBV?$basic_string@DU?$char_traits@D@std@@V?$allocator@D@2@@std@@V12@@std@@@std@@@std@@@std@@@std@@@std@@QAE@XZ 004110b0 f i server.obj
 0001:00010110       ??1?$list@U?$pair@$$CBV?$basic_string@DU?$char_traits@D@std@@V?$allocator@D@2@@std@@V12@@std@@V?$allocator@U?$pair@$$CBV?$basic_string@DU?$char_traits@D@std@@V?$allocator@D@2@@std@@V12@@std@@@2@@std@@QAE@XZ 00411110 f i server.obj
 0001:00010160       ?remove@?$vector@Uban@@@@QAE?AUban@@H@Z 00411160 f i server.obj
 0001:000101b0       ?add@?$vector@PAUclient@@@@QAEAAPAUclient@@ABQAU2@@Z 004111b0 f i server.obj
 0001:00010270       ?access@?$hashtable@Uuchar32@@Uvita_s@@@@QAEAAUvita_s@@ABUuchar32@@ABU2@@Z 00411270 f i server.obj
 0001:00010490       ?access@?$hashtable@Uuchar32@@Uvita_s@@@@QAEPAUvita_s@@ABUuchar32@@@Z 00411490 f i server.obj
 0001:000104f0       ?access@?$hashtable@PBDUservpar@@@@QAEAAUservpar@@ABQBDABU2@@Z 004114f0 f i server.obj
 0001:00010630       ?access@?$hashtable@PBDUservpar@@@@QAEPAUservpar@@ABQBD@Z 00411630 f i server.obj
 0001:000106d0       ??0?$hashtable@PBDUservpar@@@@QAE@H@Z 004116d0 f i server.obj
 0001:00010740       ?add@?$vector@Upwddetail@@@@QAEAAUpwddetail@@ABU2@@Z 00411740 f i server.obj
 0001:000107e0       ?remove@?$vector@Uiprangecc@@@@QAE?AUiprangecc@@H@Z 004117e0 f i server.obj
 0001:00010840       ??4?$basic_string@DU?$char_traits@D@std@@V?$allocator@D@2@@std@@QAEAAV01@$$QAV01@@Z 00411840 f i server.obj
 0001:000108c0       ??0?$basic_ostringstream@DU?$char_traits@D@std@@V?$allocator@D@2@@std@@QAE@XZ 004118c0 f i server.obj
 0001:00010ae0       ?seekpos@?$basic_stringbuf@DU?$char_traits@D@std@@V?$allocator@D@2@@std@@MAE?AV?$fpos@U_Mbstatet@@@2@V32@H@Z 00411ae0 f i server.obj
 0001:00010c50       ?seekoff@?$basic_stringbuf@DU?$char_traits@D@std@@V?$allocator@D@2@@std@@MAE?AV?$fpos@U_Mbstatet@@@2@_JHH@Z 00411c50 f i server.obj
 0001:00010e40       ?underflow@?$basic_stringbuf@DU?$char_traits@D@std@@V?$allocator@D@2@@std@@MAEHXZ 00411e40 f i server.obj
 0001:00010ea0       ?pbackfail@?$basic_stringbuf@DU?$char_traits@D@std@@V?$allocator@D@2@@std@@MAEHH@Z 00411ea0 f i server.obj
 0001:00010ef0       ?overflow@?$basic_stringbuf@DU?$char_traits@D@std@@V?$allocator@D@2@@std@@MAEHH@Z 00411ef0 f i server.obj
 0001:00011060       ??1?$basic_stringbuf@DU?$char_traits@D@std@@V?$allocator@D@2@@std@@UAE@XZ 00412060 f i server.obj
 0001:00011150       ??6?$basic_ostream@DU?$char_traits@D@std@@@std@@QAEAAV01@H@Z 00412150 f i server.obj
 0001:000112d0       ?imbue@?$basic_streambuf@DU?$char_traits@D@std@@@std@@MAEXABVlocale@2@@Z 004122d0 f i server.obj
 0001:000112e0       ?getcrc@stream@@UAEIXZ     004122e0 f i stream.obj
 0001:000112e0       ?sync@?$basic_streambuf@DU?$char_traits@D@std@@@std@@MAEHXZ 004122e0 f i server.obj
 0001:000112e0       ___scrt_exe_initialize_mta 004122e0 f i LIBCMT:utility_desktop.obj
 0001:000112e0       ___scrt_initialize_winrt   004122e0 f i LIBCMT:utility_desktop.obj
 0001:000112e0       ___scrt_stub_for_initialize_mta 004122e0 f i LIBCMT:utility_desktop.obj
 0001:000112e0       __get_startup_commit_mode  004122e0 f i LIBCMT:commit_mode.obj
 0001:000112e0       __get_startup_new_mode     004122e0 f i LIBCMT:new_mode.obj
 0001:000112e0       __get_startup_thread_locale_mode 004122e0 f i LIBCMT:thread_locale.obj
 0001:000112e0       __matherr                  004122e0 f i LIBCMT:matherr.obj
 0001:000112f0       ?setbuf@?$basic_streambuf@DU?$char_traits@D@std@@@std@@MAEPAV12@PAD_J@Z 004122f0 f i server.obj
 0001:00011300       ?seekpos@?$basic_streambuf@DU?$char_traits@D@std@@@std@@MAE?AV?$fpos@U_Mbstatet@@@2@V32@H@Z 00412300 f i server.obj
 0001:00011330       ?seekoff@?$basic_streambuf@DU?$char_traits@D@std@@@std@@MAE?AV?$fpos@U_Mbstatet@@@2@_JHH@Z 00412330 f i server.obj
 0001:00011360       ?xsputn@?$basic_streambuf@DU?$char_traits@D@std@@@std@@MAE_JPBD_J@Z 00412360 f i server.obj
 0001:00011440       ?xsgetn@?$basic_streambuf@DU?$char_traits@D@std@@@std@@MAE_JPAD_J@Z 00412440 f i server.obj
 0001:00011520       ?uflow@?$basic_streambuf@DU?$char_traits@D@std@@@std@@MAEHXZ 00412520 f i server.obj
 0001:00011550       ?printf@stream@@UAAHPBDZZ  00412550 f i stream.obj
 0001:00011550       ?tell@stream@@UAEJXZ       00412550 f i stream.obj
 0001:00011550       ?underflow@?$basic_streambuf@DU?$char_traits@D@std@@@std@@MAEHXZ 00412550 f i server.obj
 0001:00011560       ?showmanyc@?$basic_streambuf@DU?$char_traits@D@std@@@std@@MAE_JXZ 00412560 f i server.obj
 0001:00011570       ?overflow@?$basic_streambuf@DU?$char_traits@D@std@@@std@@MAEHH@Z 00412570 f i server.obj
 0001:00011570       ?pbackfail@?$basic_streambuf@DU?$char_traits@D@std@@@std@@MAEHH@Z 00412570 f i server.obj
 0001:00011580       ?clear@?$hashtable@PBDH@@QAEX_N@Z 00412580 f i server.obj
 0001:000116a0       ?access@?$hashtable@PBDH@@QAEAAHABQBDABH@Z 004126a0 f i server.obj
 0001:00011790       ?access@?$hashtable@PBDH@@QAEPAHABQBD@Z 00412790 f i server.obj
 0001:00011830       ?get@?$databuf@E@@QAEHPAEH@Z 00412830 f i server.obj
 0001:00011870       ??_E?$basic_ostringstream@DU?$char_traits@D@std@@V?$allocator@D@2@@std@@UAEPAXI@Z 00412870 f i * CIL library *:* CIL module *
 0001:00011870       ??_G?$basic_ostringstream@DU?$char_traits@D@std@@V?$allocator@D@2@@std@@UAEPAXI@Z 00412870 f i server.obj
 0001:000118e0       ??_E?$basic_stringbuf@DU?$char_traits@D@std@@V?$allocator@D@2@@std@@UAEPAXI@Z 004128e0 f i * CIL library *:* CIL module *
 0001:000118e0       ??_G?$basic_stringbuf@DU?$char_traits@D@std@@V?$allocator@D@2@@std@@UAEPAXI@Z 004128e0 f i server.obj
 0001:00011900       ??_E?$basic_ostream@DU?$char_traits@D@std@@@std@@UAEPAXI@Z 00412900 f i * CIL library *:* CIL module *
 0001:00011900       ??_G?$basic_ostream@DU?$char_traits@D@std@@@std@@UAEPAXI@Z 00412900 f i server.obj
 0001:00011950       ??_E?$basic_streambuf@DU?$char_traits@D@std@@@std@@UAEPAXI@Z 00412950 f i * CIL library *:* CIL module *
 0001:00011950       ??_G?$basic_streambuf@DU?$char_traits@D@std@@@std@@UAEPAXI@Z 00412950 f i server.obj
 0001:000119a0       ??_E?$basic_ios@DU?$char_traits@D@std@@@std@@UAEPAXI@Z 004129a0 f i * CIL library *:* CIL module *
 0001:000119a0       ??_G?$basic_ios@DU?$char_traits@D@std@@@std@@UAEPAXI@Z 004129a0 f i server.obj
 0001:000119d0       ??$_Insert_string@DU?$char_traits@D@std@@I@std@@YAAAV?$basic_ostream@DU?$char_traits@D@std@@@0@AAV10@QBDI@Z 004129d0 f i server.obj
 0001:00011b90       ??$_Try_emplace@ABV?$basic_string@DU?$char_traits@D@std@@V?$allocator@D@2@@std@@$$V@?$_Hash@V?$_Umap_traits@V?$basic_string@DU?$char_traits@D@std@@V?$allocator@D@2@@std@@V12@V?$_Uhash_compare@V?$basic_string@DU?$char_traits@D@std@@V?$allocator@D@2@@std@@U?$hash@V?$basic_string@DU?$char_traits@D@std@@V?$allocator@D@2@@std@@@2@U?$equal_to@V?$basic_string@DU?$char_traits@D@std@@V?$allocator@D@2@@std@@@2@@2@V?$allocator@U?$pair@$$CBV?$basic_string@DU?$char_traits@D@std@@V?$allocator@D@2@@std@@V12@@std@@@2@$0A@@std@@@std@@IAE?AU?$pair@PAU?$_List_node@U?$pair@$$CBV?$basic_string@DU?$char_traits@D@std@@V?$allocator@D@2@@std@@V12@@std@@PAX@std@@_N@1@ABV?$basic_string@DU?$char_traits@D@std@@V?$allocator@D@2@@1@@Z 00412b90 f i server.obj
 0001:00011d60       ??$use_facet@V?$num_put@DV?$ostreambuf_iterator@DU?$char_traits@D@std@@@std@@@std@@@std@@YAABV?$num_put@DV?$ostreambuf_iterator@DU?$char_traits@D@std@@@std@@@0@ABVlocale@0@@Z 00412d60 f i server.obj
 0001:00011ef0       ??0sentry@?$basic_ostream@DU?$char_traits@D@std@@@std@@QAE@AAV12@@Z 00412ef0 f i server.obj
 0001:00011f70       ?do_put@?$num_put@DV?$ostreambuf_iterator@DU?$char_traits@D@std@@@std@@@std@@MBE?AV?$ostreambuf_iterator@DU?$char_traits@D@std@@@2@V32@AAVios_base@2@DPBX@Z 00412f70 f i server.obj
 0001:00011fe0       ?do_put@?$num_put@DV?$ostreambuf_iterator@DU?$char_traits@D@std@@@std@@@std@@MBE?AV?$ostreambuf_iterator@DU?$char_traits@D@std@@@2@V32@AAVios_base@2@DO@Z 00412fe0 f i server.obj
 0001:000121e0       ?do_put@?$num_put@DV?$ostreambuf_iterator@DU?$char_traits@D@std@@@std@@@std@@MBE?AV?$ostreambuf_iterator@DU?$char_traits@D@std@@@2@V32@AAVios_base@2@DN@Z 004131e0 f i server.obj
 0001:000123e0       ?do_put@?$num_put@DV?$ostreambuf_iterator@DU?$char_traits@D@std@@@std@@@std@@MBE?AV?$ostreambuf_iterator@DU?$char_traits@D@std@@@2@V32@AAVios_base@2@D_K@Z 004133e0 f i server.obj
 0001:000124c0       ?do_put@?$num_put@DV?$ostreambuf_iterator@DU?$char_traits@D@std@@@std@@@std@@MBE?AV?$ostreambuf_iterator@DU?$char_traits@D@std@@@2@V32@AAVios_base@2@D_J@Z 004134c0 f i server.obj
 0001:000125a0       ?do_put@?$num_put@DV?$ostreambuf_iterator@DU?$char_traits@D@std@@@std@@@std@@MBE?AV?$ostreambuf_iterator@DU?$char_traits@D@std@@@2@V32@AAVios_base@2@DK@Z 004135a0 f i server.obj
 0001:00012670       ?do_put@?$num_put@DV?$ostreambuf_iterator@DU?$char_traits@D@std@@@std@@@std@@MBE?AV?$ostreambuf_iterator@DU?$char_traits@D@std@@@2@V32@AAVios_base@2@DJ@Z 00413670 f i server.obj
 0001:00012740       ?do_put@?$num_put@DV?$ostreambuf_iterator@DU?$char_traits@D@std@@@std@@@std@@MBE?AV?$ostreambuf_iterator@DU?$char_traits@D@std@@@2@V32@AAVios_base@2@D_N@Z 00413740 f i server.obj
 0001:00012910       ?_Tidy@?$_Yarn@D@std@@AAEXXZ 00413910 f i server.obj
 0001:00012930       ?sputc@?$basic_streambuf@DU?$char_traits@D@std@@@std@@QAEHD@Z 00413930 f i server.obj
 0001:00012970       ??0?$basic_ios@DU?$char_traits@D@std@@@std@@IAE@XZ 00413970 f i server.obj
 0001:000129e0       ?setstate@?$basic_ios@DU?$char_traits@D@std@@@std@@QAEXH_N@Z 004139e0 f i server.obj
 0001:00012a10       ??0?$fpos@U_Mbstatet@@@std@@QAE@_J@Z 00413a10 f i server.obj
 0001:00012a40       ?insertchains@?$hashtable@PBDH@@QAEXPAUchainchunk@1@@Z 00413a40 f i server.obj
 0001:00012b10       ?growbuf@?$vector@D@@QAEXH@Z 00413b10 f i server.obj
 0001:00012b10       ?growbuf@?$vector@E@@QAEXH@Z 00413b10 f i server.obj
 0001:00012b70       ??_E?$num_put@DV?$ostreambuf_iterator@DU?$char_traits@D@std@@@std@@@std@@MAEPAXI@Z 00413b70 f i * CIL library *:* CIL module *
 0001:00012b70       ??_G?$num_put@DV?$ostreambuf_iterator@DU?$char_traits@D@std@@@std@@@std@@MAEPAXI@Z 00413b70 f i server.obj
 0001:00012ba0       ??$_Find_last@V?$basic_string@DU?$char_traits@D@std@@V?$allocator@D@2@@std@@@?$_Hash@V?$_Umap_traits@V?$basic_string@DU?$char_traits@D@std@@V?$allocator@D@2@@std@@V12@V?$_Uhash_compare@V?$basic_string@DU?$char_traits@D@std@@V?$allocator@D@2@@std@@U?$hash@V?$basic_string@DU?$char_traits@D@std@@V?$allocator@D@2@@std@@@2@U?$equal_to@V?$basic_string@DU?$char_traits@D@std@@V?$allocator@D@2@@std@@@2@@2@V?$allocator@U?$pair@$$CBV?$basic_string@DU?$char_traits@D@std@@V?$allocator@D@2@@std@@V12@@std@@@2@$0A@@std@@@std@@IBE?AU?$_Hash_find_last_result@PAU?$_List_node@U?$pair@$$CBV?$basic_string@DU?$char_traits@D@std@@V?$allocator@D@2@@std@@V12@@std@@PAX@std@@@1@ABV?$basic_string@DU?$char_traits@D@std@@V?$allocator@D@2@@1@I@Z 00413ba0 f i server.obj
 0001:00012c30       ??$_Fput_v3@$0A@@?$num_put@DV?$ostreambuf_iterator@DU?$char_traits@D@std@@@std@@@std@@ABE?AV?$ostreambuf_iterator@DU?$char_traits@D@std@@@1@V21@AAVios_base@1@DPBDI_N@Z 00413c30 f i server.obj
 0001:00013090       ??$use_facet@V?$numpunct@D@std@@@std@@YAABV?$numpunct@D@0@ABVlocale@0@@Z 00414090 f i server.obj
 0001:00013190       ?do_truename@?$numpunct@D@std@@MBE?AV?$basic_string@DU?$char_traits@D@std@@V?$allocator@D@2@@2@XZ 00414190 f i server.obj
 0001:000131d0       ?do_falsename@?$numpunct@D@std@@MBE?AV?$basic_string@DU?$char_traits@D@std@@V?$allocator@D@2@@2@XZ 004141d0 f i server.obj
 0001:00013210       ?do_grouping@?$numpunct@D@std@@MBE?AV?$basic_string@DU?$char_traits@D@std@@V?$allocator@D@2@@2@XZ 00414210 f i server.obj
 0001:00013250       ?do_thousands_sep@?$numpunct@D@std@@MBEDXZ 00414250 f i server.obj
 0001:00013260       ?do_decimal_point@?$numpunct@D@std@@MBEDXZ 00414260 f i server.obj
 0001:00013270       ?_Rep@?$num_put@DV?$ostreambuf_iterator@DU?$char_traits@D@std@@@std@@@std@@ABA?AV?$ostreambuf_iterator@DU?$char_traits@D@std@@@2@V32@DI@Z 00414270 f i server.obj
 0001:000132e0       ?_Put@?$num_put@DV?$ostreambuf_iterator@DU?$char_traits@D@std@@@std@@@std@@ABA?AV?$ostreambuf_iterator@DU?$char_traits@D@std@@@2@V32@PBDI@Z 004142e0 f i server.obj
 0001:00013350       ?_Iput@?$num_put@DV?$ostreambuf_iterator@DU?$char_traits@D@std@@@std@@@std@@ABA?AV?$ostreambuf_iterator@DU?$char_traits@D@std@@@2@V32@AAVios_base@2@DPADI@Z 00414350 f i server.obj
 0001:00013740       ?_Ffmt@?$num_put@DV?$ostreambuf_iterator@DU?$char_traits@D@std@@@std@@@std@@ABAPADPADDH@Z 00414740 f i server.obj
 0001:00013810       ?_Assign_grow@?$_Hash_vec@V?$allocator@V?$_List_unchecked_iterator@V?$_List_val@U?$_List_simple_types@U?$pair@$$CBV?$basic_string@DU?$char_traits@D@std@@V?$allocator@D@2@@std@@V12@@std@@@std@@@std@@@std@@@std@@@std@@QAEXIV?$_List_unchecked_iterator@V?$_List_val@U?$_List_simple_types@U?$pair@$$CBV?$basic_string@DU?$char_traits@D@std@@V?$allocator@D@2@@std@@V12@@std@@@std@@@std@@@2@@Z 00414810 f i server.obj
 0001:00013900       ?_Forced_rehash@?$_Hash@V?$_Umap_traits@V?$basic_string@DU?$char_traits@D@std@@V?$allocator@D@2@@std@@V12@V?$_Uhash_compare@V?$basic_string@DU?$char_traits@D@std@@V?$allocator@D@2@@std@@U?$hash@V?$basic_string@DU?$char_traits@D@std@@V?$allocator@D@2@@std@@@2@U?$equal_to@V?$basic_string@DU?$char_traits@D@std@@V?$allocator@D@2@@std@@@2@@2@V?$allocator@U?$pair@$$CBV?$basic_string@DU?$char_traits@D@std@@V?$allocator@D@2@@std@@V12@@std@@@2@$0A@@std@@@std@@IAEXI@Z 00414900 f i server.obj
 0001:00013ac0       ?insertchains@?$hashtable@PBDUservpar@@@@QAEXPAUchainchunk@1@@Z 00414ac0 f i server.obj
 0001:00013bb0       ?flush@?$basic_ostream@DU?$char_traits@D@std@@@std@@QAEAAV12@XZ 00414bb0 f i server.obj
 0001:00013cc0       ?_Osfx@?$basic_ostream@DU?$char_traits@D@std@@@std@@QAEXXZ 00414cc0 f i server.obj
 0001:00013d50       ??_E?$numpunct@D@std@@MAEPAXI@Z 00414d50 f i * CIL library *:* CIL module *
 0001:00013d50       ??_G?$numpunct@D@std@@MAEPAXI@Z 00414d50 f i server.obj
 0001:00013da0       ??$fill@PAV?$_List_unchecked_iterator@V?$_List_val@U?$_List_simple_types@U?$pair@$$CBV?$basic_string@DU?$char_traits@D@std@@V?$allocator@D@2@@std@@V12@@std@@@std@@@std@@@std@@V12@@std@@YAXQAV?$_List_unchecked_iterator@V?$_List_val@U?$_List_simple_types@U?$pair@$$CBV?$basic_string@DU?$char_traits@D@std@@V?$allocator@D@2@@std@@V12@@std@@@std@@@std@@@0@0ABV10@@Z 00414da0 f i server.obj
 0001:00013e00       ?_Getcat@?$numpunct@D@std@@SAIPAPBVfacet@locale@2@PBV42@@Z 00414e00 f i server.obj
 0001:00013f80       ?append@?$basic_string@DU?$char_traits@D@std@@V?$allocator@D@2@@std@@QAEAAV12@ID@Z 00414f80 f i server.obj
 0001:000140f0       ??1?$pair@$$CBV?$basic_string@DU?$char_traits@D@std@@V?$allocator@D@2@@std@@V12@@std@@QAE@XZ 004150f0 f i server.obj
 0001:00014180       ??$_Reallocate_grow_by@V<lambda_1>@?1??insert@?$basic_string@DU?$char_traits@D@std@@V?$allocator@D@2@@std@@QAEAAV34@IID@Z@IID@?$basic_string@DU?$char_traits@D@std@@V?$allocator@D@2@@std@@AAEAAV01@IV<lambda_1>@?1??insert@01@QAEAAV01@IID@Z@IID@Z 00415180 f i server.obj
 0001:000142c9       ??_E?$basic_ostream@DU?$char_traits@D@std@@@std@@$4PPPPPPPM@A@AEPAXI@Z 004152c9 f i server.obj
 0001:000142d1       ??_E?$basic_ostringstream@DU?$char_traits@D@std@@V?$allocator@D@2@@std@@$4PPPPPPPM@A@AEPAXI@Z 004152d1 f i server.obj
 0001:000142e0       ??_Gcert@@QAEPAXI@Z        004152e0 f i crypto.obj
 0001:00014360       _fprintf                   00415360 f i log.obj
 0001:00014390       ?strrchr@@YAPADQADH@Z      00415390 f i stream.obj
 0001:000143a0       ?seek@stream@@UAE_NJH@Z    004153a0 f i stream.obj
 0001:000143b0       ?read@stream@@UAEHPAXH@Z   004153b0 f i stream.obj
 0001:000143b0       ?write@stream@@UAEHPBXH@Z  004153b0 f i stream.obj
 0001:000143c0       ?getchar@stream@@UAEHXZ    004153c0 f i stream.obj
 0001:000143e0       ?putchar@stream@@UAE_NH@Z  004153e0 f i stream.obj
 0001:00014400       ?putstring@stream@@UAE_NPBD@Z 00415400 f i stream.obj
 0001:00014430       ?putline@stream@@UAE_NPBD@Z 00415430 f i stream.obj
 0001:00014460       ??_Estream@@UAEPAXI@Z      00415460 f i * CIL library *:* CIL module *
 0001:00014460       ??_Gstream@@UAEPAXI@Z      00415460 f i stream.obj
 0001:00014490       ?close@filestream@@UAEXXZ  00415490 f i stream.obj
 0001:000144b0       ?end@filestream@@UAE_NXZ   004154b0 f i stream.obj
 0001:000144d0       ?tell@filestream@@UAEJXZ   004154d0 f i stream.obj
 0001:000144e0       ?seek@filestream@@UAE_NJH@Z 004154e0 f i stream.obj
 0001:00014500       ?fflush@filestream@@UAEXXZ 00415500 f i stream.obj
 0001:00014510       ?read@filestream@@UAEHPAXH@Z 00415510 f i stream.obj
 0001:00014530       ?write@filestream@@UAEHPBXH@Z 00415530 f i stream.obj
 0001:00014550       ?getchar@filestream@@UAEHXZ 00415550 f i stream.obj
 0001:00014560       ?putchar@filestream@@UAE_NH@Z 00415560 f i stream.obj
 0001:00014580       ?getline@filestream@@UAE_NPADH@Z 00415580 f i stream.obj
 0001:000145a0       ?putstring@filestream@@UAE_NPBD@Z 004155a0 f i stream.obj
 0001:000145c0       ?printf@filestream@@UAAHPBDZZ 004155c0 f i stream.obj
 0001:000145f0       ??_Efilestream@@UAEPAXI@Z  004155f0 f i * CIL library *:* CIL module *
 0001:000145f0       ??_Gfilestream@@UAEPAXI@Z  004155f0 f i stream.obj
 0001:00014630       ?readbyte@gzstream@@QAEHH@Z 00415630 f i stream.obj
 0001:00014690       ?skipbytes@gzstream@@QAEXH@Z 00415690 f i stream.obj
 0001:000146d0       ?checkheader@gzstream@@QAE_NXZ 004156d0 f i stream.obj
 0001:00014960       ?open@gzstream@@QAE_NPAUstream@@PBD_NH@Z 00415960 f i stream.obj
 0001:00014ac0       ?getcrc@gzstream@@UAEIXZ   00415ac0 f i stream.obj
 0001:00014ad0       ?stopreading@gzstream@@QAEXXZ 00415ad0 f i stream.obj
 0001:00014af0       ?stopwriting@gzstream@@QAEXXZ 00415af0 f i stream.obj
 0001:00014b10       ?close@gzstream@@UAEXXZ    00415b10 f i stream.obj
 0001:00014c50       ?end@gzstream@@UAE_NXZ     00415c50 f i stream.obj
 0001:00014c70       ?tell@gzstream@@UAEJXZ     00415c70 f i stream.obj
 0001:00014c90       ?seek@gzstream@@UAE_NJH@Z  00415c90 f i stream.obj
 0001:00014dc0       ?read@gzstream@@UAEHPAXH@Z 00415dc0 f i stream.obj
 0001:00014ec0       ?write@gzstream@@UAEHPBXH@Z 00415ec0 f i stream.obj
 0001:00014f70       ??_Egzstream@@UAEPAXI@Z    00415f70 f i * CIL library *:* CIL module *
 0001:00014f70       ??_Ggzstream@@UAEPAXI@Z    00415f70 f i stream.obj
 0001:00014fa0       ?close@vecstream@@UAEXXZ   00415fa0 f i stream.obj
 0001:00014fe0       ?end@vecstream@@UAE_NXZ    00415fe0 f i stream.obj
 0001:00015000       ?tell@vecstream@@UAEJXZ    00416000 f i stream.obj
 0001:00015010       ?size@vecstream@@UAEJXZ    00416010 f i stream.obj
 0001:00015020       ?seek@vecstream@@UAE_NJH@Z 00416020 f i stream.obj
 0001:00015080       ?read@vecstream@@UAEHPAXH@Z 00416080 f i stream.obj
 0001:000150d0       ?write@vecstream@@UAEHPBXH@Z 004160d0 f i stream.obj
 0001:00015140       ?printf@vecstream@@UAAHPBDZZ 00416140 f i stream.obj
 0001:00015200       ??_Evecstream@@UAEPAXI@Z   00416200 f i * CIL library *:* CIL module *
 0001:00015200       ??_Gvecstream@@UAEPAXI@Z   00416200 f i stream.obj
 0001:00015250       ?put@packetbuf@@QAEXABE@Z  00416250 f i protocol1.obj
 0001:000152b2       _htonl@4                   004162b2 f   ws2_32:WS2_32.dll
 0001:000152b8       _ntohl@4                   004162b8 f   ws2_32:WS2_32.dll
 0001:000152be       ___WSAFDIsSet@8            004162be f   ws2_32:WS2_32.dll
 0001:000152c4       _WSAStartup@8              004162c4 f   ws2_32:WS2_32.dll
 0001:000152ca       _WSACleanup@0              004162ca f   ws2_32:WS2_32.dll
 0001:000152d0       _gethostbyname@4           004162d0 f   ws2_32:WS2_32.dll
 0001:000152d6       _inet_addr@4               004162d6 f   ws2_32:WS2_32.dll
 0001:000152dc       _inet_ntoa@4               004162dc f   ws2_32:WS2_32.dll
 0001:000152e2       _gethostbyaddr@12          004162e2 f   ws2_32:WS2_32.dll
 0001:000152e8       _htons@4                   004162e8 f   ws2_32:WS2_32.dll
 0001:000152ee       _bind@12                   004162ee f   ws2_32:WS2_32.dll
 0001:000152f4       _listen@8                  004162f4 f   ws2_32:WS2_32.dll
 0001:000152fa       _socket@12                 004162fa f   ws2_32:WS2_32.dll
 0001:00015300       _setsockopt@20             00416300 f   ws2_32:WS2_32.dll
 0001:00015306       _ioctlsocket@12            00416306 f   ws2_32:WS2_32.dll
 0001:0001530c       _connect@12                0041630c f   ws2_32:WS2_32.dll
 0001:00015312       _WSAGetLastError@0         00416312 f   ws2_32:WS2_32.dll
 0001:00015318       _accept@12                 00416318 f   ws2_32:WS2_32.dll
 0001:0001531e       _ntohs@4                   0041631e f   ws2_32:WS2_32.dll
 0001:00015324       _shutdown@8                00416324 f   ws2_32:WS2_32.dll
 0001:0001532a       _closesocket@4             0041632a f   ws2_32:WS2_32.dll
 0001:00015330       _WSASendTo@36              00416330 f   ws2_32:WS2_32.dll
 0001:00015336       _WSARecvFrom@36            00416336 f   ws2_32:WS2_32.dll
 0001:0001533c       _select@20                 0041633c f   ws2_32:WS2_32.dll
 0001:00015342       _timeBeginPeriod@4         00416342 f   winmm:WINMM.dll
 0001:00015348       _timeEndPeriod@4           00416348 f   winmm:WINMM.dll
 0001:0001534e       _timeGetTime@0             0041634e f   winmm:WINMM.dll
 0001:00015354       ??0bad_alloc@std@@QAE@XZ   00416354 f i libcpmt:xthrow.obj
 0001:00015372       ??0length_error@std@@QAE@ABV01@@Z 00416372 f i libcpmt:xthrow.obj
 0001:0001538d       ??0length_error@std@@QAE@PBD@Z 0041638d f i libcpmt:xthrow.obj
 0001:000153ac       ??0logic_error@std@@QAE@ABV01@@Z 004163ac f i libcpmt:xthrow.obj
 0001:000153c7       ??0out_of_range@std@@QAE@ABV01@@Z 004163c7 f i libcpmt:xthrow.obj
 0001:000153e2       ??0out_of_range@std@@QAE@PBD@Z 004163e2 f i libcpmt:xthrow.obj
 0001:00015401       ??0runtime_error@std@@QAE@PBD@Z 00416401 f i libcpmt:xthrow.obj
 0001:00015420       ??_Ebad_exception@std@@UAEPAXI@Z 00416420 f i libvcruntime:frame.obj
 0001:00015420       ??_Elength_error@std@@UAEPAXI@Z 00416420 f i libcpmt:xthrow.obj
 0001:00015420       ??_Elogic_error@std@@UAEPAXI@Z 00416420 f i libcpmt:xthrow.obj
 0001:00015420       ??_Eout_of_range@std@@UAEPAXI@Z 00416420 f i libcpmt:xthrow.obj
 0001:00015420       ??_Gbad_exception@std@@UAEPAXI@Z 00416420 f i libvcruntime:frame.obj
 0001:00015420       ??_Glength_error@std@@UAEPAXI@Z 00416420 f i libcpmt:xthrow.obj
 0001:00015420       ??_Glogic_error@std@@UAEPAXI@Z 00416420 f i libcpmt:xthrow.obj
 0001:00015420       ??_Gout_of_range@std@@UAEPAXI@Z 00416420 f i libcpmt:xthrow.obj
 0001:0001544d       ?_Xbad_alloc@std@@YAXXZ    0041644d f   libcpmt:xthrow.obj
 0001:0001544d       ?__scrt_throw_std_bad_alloc@@YAXXZ 0041644d f   LIBCMT:throw_bad_alloc.obj
 0001:0001546a       ?_Xlength_error@std@@YAXPBD@Z 0041646a f   libcpmt:xthrow.obj
 0001:0001548a       ?_Xout_of_range@std@@YAXPBD@Z 0041648a f   libcpmt:xthrow.obj
 0001:000154aa       ?_Xruntime_error@std@@YAXPBD@Z 004164aa f   libcpmt:xthrow.obj
 0001:00016130       ___std_find_first_not_of_trivial_pos_1@16 00417130 f   libcpmt:vector_algorithms.obj
 0001:000161c0       ___std_find_last_not_of_trivial_pos_1@16 004171c0 f   libcpmt:vector_algorithms.obj
 0001:000161d0       ___std_find_trivial_1@12   004171d0 f   libcpmt:vector_algorithms.obj
 0001:000161d9       ??0_Init_locks@std@@QAE@XZ 004171d9 f   libcpmt:xlock.obj
 0001:00016206       ??0_Lockit@std@@QAE@H@Z    00417206 f   libcpmt:xlock.obj
 0001:00016237       ??1_Init_locks@std@@QAE@XZ 00417237 f   libcpmt:xlock.obj
 0001:0001625e       ??1_Lockit@std@@QAE@XZ     0041725e f   libcpmt:xlock.obj
 0001:0001627d       ?uncaught_exceptions@std@@YAHXZ 0041727d f   libcpmt:uncaught_exceptions.obj
 0001:00016282       ??0_Locimp@locale@std@@AAE@_N@Z 00417282 f i libcpmt:locale0.obj
 0001:000162c3       ??1_Fac_node@std@@QAE@XZ   004172c3 f i libcpmt:locale0.obj
 0001:000162f4       ??1_Fac_tidy_reg_t@std@@QAE@XZ 004172f4 f i libcpmt:locale0.obj
 0001:00016318       ??1_Locimp@locale@std@@MAE@XZ 00417318 f i libcpmt:locale0.obj
 0001:00016338       ??4?$_Yarn@D@std@@QAEAAV01@PBD@Z 00417338 f i libcpmt:locale0.obj
 0001:00016381       ??_E_Locimp@locale@std@@MAEPAXI@Z 00417381 f i libcpmt:locale0.obj
 0001:00016381       ??_G_Locimp@locale@std@@MAEPAXI@Z 00417381 f i libcpmt:locale0.obj
 0001:000163a3       ?_Facet_Register@std@@YAXPAV_Facet_base@1@@Z 004173a3 f   libcpmt:locale0.obj
 0001:000163d0       ?_Getgloballocale@locale@std@@CAPAV_Locimp@12@XZ 004173d0 f   libcpmt:locale0.obj
 0001:000163d6       ?_Init@locale@std@@CAPAV_Locimp@12@_N@Z 004173d6 f   libcpmt:locale0.obj
 0001:00016463       ?_Locimp_dtor@_Locimp@locale@std@@CAXPAV123@@Z 00417463 f   libcpmt:locale0.obj
 0001:000164d4       ?_Locinfo_ctor@_Locinfo@std@@SAXPAV12@PBD@Z 004174d4 f   libcpmt:locale0.obj
 0001:00016520       ?_Locinfo_dtor@_Locinfo@std@@SAXPAV12@@Z 00417520 f   libcpmt:locale0.obj
 0001:0001653a       ?_New_Locimp@_Locimp@locale@std@@CAPAV123@_N@Z 0041753a f   libcpmt:locale0.obj
 0001:0001655d       ?_Setgloballocale@locale@std@@CAXPAX@Z 0041755d f   libcpmt:locale0.obj
 0001:00016585       __Deletegloballocale       00417585 f   libcpmt:locale0.obj
 0001:000165ed       ?_Callfns@ios_base@std@@AAEXW4event@12@@Z 004175ed f i libcpmt:ios.obj
 0001:00016620       ?_Ios_base_dtor@ios_base@std@@CAXPAV12@@Z 00417620 f   libcpmt:ios.obj
 0001:00016660       ?_Tidy@ios_base@std@@AAEXXZ 00417660 f i libcpmt:ios.obj
 0001:000166e1       ?_Syserror_map@std@@YAPBDH@Z 004176e1 f   libcpmt:syserror.obj
 0001:00016706       __Getctype                 00417706 f   libcpmt:_tolower.obj
 0001:00016774       __Tolower                  00417774 f   libcpmt:_tolower.obj
 0001:00016860       __Getcvt                   00417860 f   libcpmt:xwctomb.obj
 0001:000168d3       __Toupper                  004178d3 f   libcpmt:_toupper.obj
 0001:000169bf       __Mtxdst                   004179bf f   libcpmt:xmtx.obj
 0001:000169cd       __Mtxinit                  004179cd f   libcpmt:xmtx.obj
 0001:000169e2       __Mtxlock                  004179e2 f   libcpmt:xmtx.obj
 0001:000169f0       __Mtxunlock                004179f0 f   libcpmt:xmtx.obj
 0001:000169fe       ??1_Init_atexit@@QAE@XZ    004179fe f i libcpmt:iosptrs.obj
 0001:00016a66       ?_Atexit@@YAXP6AXXZ@Z      00417a66 f   libcpmt:iosptrs.obj
 0001:00016a95       ??1?$__crt_scoped_stack_ptr@_W@@QAE@XZ 00417a95 f i libcpmt:StlLCMapStringA.obj
 0001:00016aae       ___crtLCMapStringA         00417aae f   libcpmt:StlLCMapStringA.obj
 0001:00016c7e       __freea_crt                00417c7e f i libcpmt:StlLCMapStringA.obj
 0001:00016c9c       @__security_check_cookie@4 00417c9c f   LIBCMT:secchk.obj
 0001:00016caa       ??2@YAPAXI@Z               00417caa f   LIBCMT:new_scalar.obj
 0001:00016d1c       ___scrt_acquire_startup_lock 00417d1c f   LIBCMT:utility.obj
 0001:00016d4e       ___scrt_initialize_crt     00417d4e f   LIBCMT:utility.obj
 0001:00016d87       ___scrt_initialize_onexit_tables 00417d87 f   LIBCMT:utility.obj
 0001:00016e0e       ___scrt_is_nonwritable_in_current_image 00417e0e f   LIBCMT:utility.obj
 0001:00016ea5       ___scrt_release_startup_lock 00417ea5 f   LIBCMT:utility.obj
 0001:00016ec2       ___scrt_uninitialize_crt   00417ec2 f   LIBCMT:utility.obj
 0001:00016eea       __onexit                   00417eea f   LIBCMT:utility.obj
 0001:00016f18       _atexit                    00417f18 f   LIBCMT:utility.obj
 0001:00016f2d       ??3@YAXPAX@Z               00417f2d f   LIBCMT:delete_scalar.obj
 0001:00016f32       ??3@YAXPAXI@Z              00417f32 f   LIBCMT:delete_scalar_size.obj
 0001:00016f40       ??_Etype_info@@UAEPAXI@Z   00417f40 f i LIBCMT:std_type_info_static.obj
 0001:00016f40       ??_Gtype_info@@UAEPAXI@Z   00417f40 f i LIBCMT:std_type_info_static.obj
 0001:00016f63       ??_V@YAXPAX@Z              00417f63 f   LIBCMT:delete_array.obj
 0001:00016f68       __Init_thread_footer       00417f68 f   LIBCMT:thread_safe_statics.obj
 0001:00016fb9       __Init_thread_header       00417fb9 f   LIBCMT:thread_safe_statics.obj
 0001:0001700b       __Init_thread_wait_v2      0041800b f   LIBCMT:thread_safe_statics.obj
 0001:00017020       ___report_gsfailure        00418020 f   LIBCMT:gs_report.obj
 0001:00017026       ___report_rangecheckfailure 00418026 f   LIBCMT:gs_report.obj
 0001:0001702c       ??_U@YAPAXI@Z              0041802c f   LIBCMT:new_array.obj
 0001:0001727f       _mainCRTStartup            0041827f f   LIBCMT:exe_main.obj
 0001:00017289       ___isa_available_init      00418289 f   LIBCMT:cpu_disp.obj
 0001:000175a3       __EH_epilog3               004185a3 f   LIBCMT:ehprolg3.obj
 0001:000175b7       __EH_prolog3               004185b7 f   LIBCMT:ehprolg3.obj
 0001:000175ea       __EH_prolog3_catch         004185ea f   LIBCMT:ehprolg3.obj
 0001:00017620       __alloca_probe_16          00418620 f   LIBCMT:alloca16.obj
 0001:00017636       __alloca_probe_8           00418636     LIBCMT:alloca16.obj
 0001:00017650       __allmul                   00418650 f   LIBCMT:llmul.obj
 0001:00017690       __aulldiv                  00418690 f   LIBCMT:ulldiv.obj
 0001:000176f8       ?__scrt_throw_std_bad_array_new_length@@YAXXZ 004186f8 f   LIBCMT:throw_bad_alloc.obj
 0001:00017715       __get_startup_argv_mode    00418715 f   LIBCMT:argv_mode.obj
 0001:00017719       ___scrt_is_ucrt_dll_in_use 00418719 f   LIBCMT:ucrt_detection.obj
 0001:00017725       ___scrt_fastfail           00418725 f   LIBCMT:utility_desktop.obj
 0001:0001772f       ___scrt_initialize_mta     0041872f f   LIBCMT:utility_desktop.obj
 0001:00017734       ___scrt_is_managed_app     00418734 f   LIBCMT:utility_desktop.obj
 0001:00017776       ___scrt_set_unhandled_exception_filter 00418776 f   LIBCMT:utility_desktop.obj
 0001:00017782       ___scrt_unhandled_exception_filter@4 00418782 f   LIBCMT:utility_desktop.obj
 0001:000177d8       __crt_debugger_hook        004187d8 f   LIBCMT:utility_desktop.obj
 0001:000177f0       __SEH_prolog4              004187f0 f   LIBCMT:sehprolg4.obj
 0001:00017882       ___security_init_cookie    00418882 f   LIBCMT:gs_support.obj
 0001:000178cd       __get_startup_file_mode    004188cd f   LIBCMT:file_mode.obj
 0001:000178d3       ?__scrt_initialize_type_info@@YAXXZ 004188d3 f   LIBCMT:tncleanup.obj
 0001:000178df       __initialize_default_precision 004188df f   LIBCMT:default_precision.obj
 0001:00017900       ___scrt_initialize_default_local_stdio_options 00418900 f   LIBCMT:default_local_stdio_options.obj
 0001:0001791d       ___scrt_is_user_matherr_present 0041891d f   LIBCMT:matherr_detection.obj
 0001:00017929       ___scrt_get_dyn_tls_init_callback 00418929 f   LIBCMT:dyn_tls_init.obj
 0001:0001792f       ___scrt_get_dyn_tls_dtor_callback 0041892f f   LIBCMT:dyn_tls_dtor.obj
 0001:00017935       __RTC_Initialize           00418935 f   LIBCMT:initsect.obj
 0001:00017961       __RTC_Terminate            00418961 f   LIBCMT:initsect.obj
 0001:00017990       __alloca_probe             00418990 f   LIBCMT:chkstk.obj
 0001:00017990       __chkstk                   00418990 f   LIBCMT:chkstk.obj
 0001:000179bb       ___std_exception_copy      004189bb f   libvcruntime:std_exception.obj
 0001:00017a1e       ___std_exception_destroy   00418a1e f   libvcruntime:std_exception.obj
 0001:00017a80       __except_handler4          00418a80 f   libvcruntime:chandler4.obj
 0001:00017be7       __get_purecall_handler     00418be7 f   libvcruntime:purevirt.obj
 0001:00017bee       __purecall                 00418bee f   libvcruntime:purevirt.obj
 0001:00017c10       _strstr                    00418c10 f   libvcruntime:strstr.obj
 0001:00017e80       _strchr                    00418e80 f   libvcruntime:strchr.obj
 0001:00017eee       ___from_strstr_to_strchr   00418eee     libvcruntime:strchr.obj
 0001:00017fb0       _strrchr                   00418fb0 f   libvcruntime:strrchr.obj
 0001:000180f0       _memset                    004190f0 f   libvcruntime:memset.obj
 0001:00018250       _memcpy                    00419250 f   libvcruntime:memcpy.obj
 0001:00018250       _memmove                   00419250 f   libvcruntime:memmove.obj
 0001:000187c4       __CxxThrowException@8      004197c4 f   libvcruntime:throw.obj
 0001:00018840       _memchr                    00419840 f   libvcruntime:memchr.obj
 0001:000188f0       ___uncaught_exceptions     004198f0 f   libvcruntime:uncaught_exceptions.obj
 0001:00018900       ?GetRangeOfTrysToCheck@__FrameHandler3@@SA?AU?$pair@Viterator@TryBlockMap@__FrameHandler3@@V123@@std@@AAVTryBlockMap@1@HPAXPBU_s_FuncInfo@@H@Z 00419900 f   libvcruntime:trnsctrl.obj
 0001:0001897f       ?_CallCatchBlock2@@YAPAXPAUEHRegistrationNode@@PBU_s_FuncInfo@@PAXHK@Z 0041997f f   libvcruntime:trnsctrl.obj
 0001:000189df       ?_CallSETranslator@@YAHPAUEHExceptionRecord@@PAUEHRegistrationNode@@PAX2PBU_s_FuncInfo@@H1@Z 004199df f   libvcruntime:trnsctrl.obj
 0001:00018ade       ?_JumpToContinuation@@YGXPAXPAUEHRegistrationNode@@@Z 00419ade f   libvcruntime:trnsctrl.obj
 0001:00018b0e       ?_UnwindNestedFrames@@YGXPAUEHRegistrationNode@@PAUEHExceptionRecord@@@Z 00419b0e f   libvcruntime:trnsctrl.obj
 0001:00018b62       __CatchGuardHandler        00419b62 f   libvcruntime:trnsctrl.obj
 0001:00018b93       __CreateFrameInfo          00419b93 f   libvcruntime:trnsctrl.obj
 0001:00018bb7       __FindAndUnlinkFrame       00419bb7 f   libvcruntime:trnsctrl.obj
 0001:00018bfe       __TranslatorGuardHandler   00419bfe f   libvcruntime:trnsctrl.obj
 0001:00018c9d       ___CxxFrameHandler3        00419c9d f   libvcruntime:trnsctrl.obj
 0001:00018cd3       ___DestructExceptionObject 00419cd3 f   libvcruntime:ehhelpers.obj
 0001:00018d7b       ?_CallMemberFunction0@@YGXQAX0@Z 00419d7b f i libvcruntime:ehhelpers.obj
 0001:00018de0       __IsExceptionObjectToBeDestroyed 00419de0 f   libvcruntime:ehhelpers.obj
 0001:00018e06       ___AdjustPointer           00419e06 f   libvcruntime:ehhelpers.obj
 0001:00018e2b       ___FrameUnwindFilter       00419e2b f   libvcruntime:ehhelpers.obj
 0001:00018e81       ___current_exception       00419e81 f   libvcruntime:ehhelpers.obj
 0001:00018e8a       ___current_exception_context 00419e8a f   libvcruntime:ehhelpers.obj
 0001:00018e93       ___std_terminate           00419e93 f   libvcruntime:ehhelpers.obj
 0001:00018e98       _memcmp                    00419e98 f   libvcruntime:memcmp.obj
 0001:0001a25c       ___vcrt_initialize         0041b25c f   libvcruntime:initialization.obj
 0001:0001a27b       ___vcrt_uninitialize       0041b27b f   libvcruntime:initialization.obj
 0001:0001a292       ___std_type_info_compare   0041b292 f   libvcruntime:std_type_info.obj
 0001:0001a2d0       __local_unwind4            0041b2d0 f   libvcruntime:exsup4.obj
 0001:0001a3c0       @_EH4_CallFilterFunc@8     0041b3c0 f   libvcruntime:exsup4.obj
 0001:0001a3e0       @_EH4_TransferToHandler@8  0041b3e0 f   libvcruntime:exsup4.obj
 0001:0001a400       @_EH4_GlobalUnwind2@8      0041b400 f   libvcruntime:exsup4.obj
 0001:0001a420       @_EH4_LocalUnwind@16       0041b420 f   libvcruntime:exsup4.obj
 0001:0001a437       ___except_validate_context_record 0041b437 f   libvcruntime:jbcxrval.obj
 0001:0001a467       ___vcrt_freefls@4          0041b467 f   libvcruntime:per_thread_data.obj
 0001:0001a483       ___vcrt_getptd             0041b483 f   libvcruntime:per_thread_data.obj
 0001:0001a491       ___vcrt_getptd_noexit      0041b491 f   libvcruntime:per_thread_data.obj
 0001:0001a520       ___vcrt_getptd_noinit      0041b520 f   libvcruntime:per_thread_data.obj
 0001:0001a558       ___vcrt_initialize_ptd     0041b558 f   libvcruntime:per_thread_data.obj
 0001:0001a58a       ___vcrt_uninitialize_ptd   0041b58a f   libvcruntime:per_thread_data.obj
 0001:0001acbe       ??$TypeMatchHelper@V__FrameHandler3@@@@YAHPBU_s_HandlerType@@PBU_s_CatchableType@@PBU_s_ThrowInfo@@@Z 0041bcbe f i libvcruntime:frame.obj
 0001:0001ad4c       ??$__InternalCxxFrameHandler@V__FrameHandler3@@@@YA?AW4_EXCEPTION_DISPOSITION@@PAUEHExceptionRecord@@PAUEHRegistrationNode@@PAU_CONTEXT@@PAXPBU_s_FuncInfo@@H1E@Z 0041bd4c f i libvcruntime:frame.obj
 0001:0001ae4e       ??$__InternalCxxFrameHandlerWrapper@V__FrameHandler3@@@@YA?AW4_EXCEPTION_DISPOSITION@@PAUEHExceptionRecord@@PAUEHRegistrationNode@@PAU_CONTEXT@@PAXPBU_s_FuncInfo@@H1E@Z 0041be4e f i libvcruntime:frame.obj
 0001:0001ae57       ??0bad_exception@std@@QAE@ABV01@@Z 0041be57 f i libvcruntime:frame.obj
 0001:0001ae72       ??0bad_exception@std@@QAE@XZ 0041be72 f i libvcruntime:frame.obj
 0001:0001ae90       ??8type_info@@QBE_NABV0@@Z 0041be90 f i libvcruntime:frame.obj
 0001:0001b116       ?FrameUnwindToEmptyState@__FrameHandler3@@SAXPAUEHRegistrationNode@@PAXPBU_s_FuncInfo@@@Z 0041c116 f   libvcruntime:frame.obj
 0001:0001b12e       ?FrameUnwindToState@__FrameHandler3@@SAXPAUEHRegistrationNode@@PAXPBU_s_FuncInfo@@H@Z 0041c12e f   libvcruntime:frame.obj
 0001:0001b2ae       ?_CallMemberFunction1@@YGXQAX00@Z 0041c2ae f i libvcruntime:frame.obj
 0001:0001b2be       ?_CallMemberFunction2@@YGXQAX00H@Z 0041c2be f i libvcruntime:frame.obj
 0001:0001b2d1       ?getESTypes@__FrameHandler3@@SAPBU_s_ESTypeList@@PBU_s_FuncInfo@@@Z 0041c2d1 f i libvcruntime:frame.obj
 0001:0001b2e0       __CallSettingFrame@12      0041c2e0 f   libvcruntime:lowhelpr.obj
 0001:0001b307       __NLG_Return               0041c307     libvcruntime:lowhelpr.obj
 0001:0001b32c       ___vcrt_initialize_locks   0041c32c f   libvcruntime:locks.obj
 0001:0001b362       ___vcrt_uninitialize_locks 0041c362 f   libvcruntime:locks.obj
 0001:0001b390       __NLG_Notify1              0041c390 f   libvcruntime:exsup.obj
 0001:0001b3a0       __NLG_Notify               0041c3a0 f   libvcruntime:exsup.obj
 0001:0001b3b7       __NLG_Dispatch             0041c3b7     libvcruntime:exsup.obj
 0001:0001b3b7       __NLG_Dispatch2            0041c3b7     libvcruntime:exsup.obj
 0001:0001b3c0       __NLG_Call                 0041c3c0 f   libvcruntime:exsup.obj
 0001:0001b3c2       __NLG_Return2              0041c3c2     libvcruntime:exsup.obj
 0001:0001b3c3       _unexpected                0041c3c3 f   libvcruntime:unexpected.obj
 0001:0001b3e0       ?GetCurrentState@__FrameHandler3@@SAHPAUEHRegistrationNode@@PAXPBU_s_FuncInfo@@@Z 0041c3e0 f   libvcruntime:ehstate.obj
 0001:0001b3fd       ?SetState@__FrameHandler3@@SAXPAUEHRegistrationNode@@PAXPBU_s_FuncInfo@@H@Z 0041c3fd f   libvcruntime:ehstate.obj
 0001:0001b458       ??$__crt_fast_decode_pointer@P6AHI@Z@@YAP6AHI@ZQ6AHI@Z@Z 0041c458 f i libucrt:new_handler.obj
 0001:0001b458       ??$__crt_fast_decode_pointer@P6AXH@Z@@YAP6AXH@ZQ6AXH@Z@Z 0041c458 f i libucrt:signal.obj
 0001:0001b458       ??$__crt_fast_decode_pointer@P6GXPAXK0@Z@@YAP6GXPAXK0@ZQ6GX0K0@Z@Z 0041c458 f i libucrt:exit.obj
 0001:0001b473       ??$__crt_fast_encode_pointer@P6AHI@Z@@YAP6AHI@ZQ6AHI@Z@Z 0041c473 f i libucrt:new_handler.obj
 0001:0001b473       ??$__crt_fast_encode_pointer@P6AHXZ@@YAP6AHXZQ6AHXZ@Z 0041c473 f i libucrt:onexit.obj
 0001:0001b473       ??$__crt_fast_encode_pointer@P6AXH@Z@@YAP6AXH@ZQ6AXH@Z@Z 0041c473 f i libucrt:signal.obj
 0001:0001b473       ??$__crt_fast_encode_pointer@P6GXPAXK0@Z@@YAP6GXPAXK0@ZQ6GX0K0@Z@Z 0041c473 f i libucrt:exit.obj
 0001:0001b473       ??$__crt_fast_encode_pointer@PAP6AXXZ@@YAPAP6AXXZQAP6AXXZ@Z 0041c473 f i libucrt:onexit.obj
 0001:0001b6e8       ___acrt_initialize_thread_local_exit_callback 0041c6e8 f   libucrt:exit.obj
 0001:0001b6f7       __c_exit                   0041c6f7 f   libucrt:exit.obj
 0001:0001b706       __cexit                    0041c706 f   libucrt:exit.obj
 0001:0001b715       __exit                     0041c715 f   libucrt:exit.obj
 0001:0001b72b       __register_thread_local_exe_atexit_callback 0041c72b f   libucrt:exit.obj
 0001:0001b751       _exit                      0041c751 f   libucrt:exit.obj
 0001:0001b9bc       _setlocale                 0041c9bc f   libucrt:setlocale.obj
 0001:0001ba00       _calloc                    0041ca00 f   libucrt:calloc.obj
 0001:0001ba0b       ___acrt_locale_get_ctype_array_value 0041ca0b f i libucrt:_ctype.obj
 0001:0001ba30       _isalnum                   0041ca30 f   libucrt:_ctype.obj
 0001:0001bac0       _isalpha                   0041cac0 f   libucrt:_ctype.obj
 0001:0001bb50       _isdigit                   0041cb50 f   libucrt:_ctype.obj
 0001:0001bbe0       _islower                   0041cbe0 f   libucrt:_ctype.obj
 0001:0001bc70       _isprint                   0041cc70 f   libucrt:_ctype.obj
 0001:0001bd00       _isspace                   0041cd00 f   libucrt:_ctype.obj
 0001:0001bd90       _isupper                   0041cd90 f   libucrt:_ctype.obj
 0001:0001be14       ??0_LocaleUpdate@@QAE@QAU__crt_locale_pointers@@@Z 0041ce14 f i libucrt:tolower_toupper.obj
 0001:0001be96       __tolower_l                0041ce96 f   libucrt:tolower_toupper.obj
 0001:0001bf94       __toupper_l                0041cf94 f   libucrt:tolower_toupper.obj
 0001:0001c092       _tolower                   0041d092 f   libucrt:tolower_toupper.obj
 0001:0001c0c2       _toupper                   0041d0c2 f   libucrt:tolower_toupper.obj
 0001:0001c1a9       _fopen                     0041d1a9 f   libucrt:fopen.obj
 0001:0001c1c0       ___acrt_initialize_stdio   0041d1c0 f   libucrt:_file.obj
 0001:0001c288       ___acrt_iob_func           0041d288 f   libucrt:_file.obj
 0001:0001c298       ___acrt_uninitialize_stdio 0041d298 f   libucrt:_file.obj
 0001:0001c2e4       __lock_file                0041d2e4 f   libucrt:_file.obj
 0001:0001c2f8       __unlock_file              0041d2f8 f   libucrt:_file.obj
 0001:0001c30c       ??0__crt_cached_ptd_host@@QAE@QAU__crt_locale_pointers@@@Z 0041d30c f i libucrt:fclose.obj
 0001:0001c354       ??1__crt_cached_ptd_host@@QAE@XZ 0041d354 f i libucrt:fclose.obj
 0001:0001c4b5       ?force_synchronize_per_thread_data@__crt_cached_ptd_host@@AAEPAU__acrt_ptd@@XZ 0041d4b5 f i libucrt:fclose.obj
 0001:0001c4fb       ?get_raw_ptd@__crt_cached_ptd_host@@QAEPAU__acrt_ptd@@XZ 0041d4fb f i libucrt:fclose.obj
 0001:0001c518       _fclose                    0041d518 f   libucrt:fclose.obj
 0001:0001c548       ??$__acrt_convert_wcs_mbs_cp@D_WV<lambda_62f6974d9771e494a5ea317cc32e971c>@@U__crt_win32_buffer_internal_dynamic_resizing@@@@YAHQBDAAV?$__crt_win32_buffer@_WU__crt_win32_buffer_internal_dynamic_resizing@@@@ABV<lambda_62f6974d9771e494a5ea317cc32e971c>@@I@Z 0041d548 f i libucrt:unlink.obj
 0001:0001c5fa       ??$__acrt_mbs_to_wcs_cp@U__crt_win32_buffer_internal_dynamic_resizing@@@@YAHQBDAAV?$__crt_win32_buffer@_WU__crt_win32_buffer_internal_dynamic_resizing@@@@I@Z 0041d5fa f i libucrt:unlink.obj
 0001:0001c617       ?__acrt_get_utf8_acp_compatibility_codepage@@YAIXZ 0041d617 f i libucrt:unlink.obj
 0001:0001c656       ?_deallocate@?$__crt_win32_buffer@DU__crt_win32_buffer_internal_dynamic_resizing@@@@AAEXXZ 0041d656 f i libucrt:argv_wildcards.obj
 0001:0001c656       ?_deallocate@?$__crt_win32_buffer@_WU__crt_win32_buffer_internal_dynamic_resizing@@@@AAEXXZ 0041d656 f i libucrt:unlink.obj
 0001:0001c670       ?allocate@?$__crt_win32_buffer@_WU__crt_win32_buffer_internal_dynamic_resizing@@@@QAEHI@Z 0041d670 f i libucrt:unlink.obj
 0001:0001c6af       ?allocate@__crt_win32_buffer_internal_dynamic_resizing@@SAHQAPAXIABV__crt_win32_buffer_empty_debug_info@@@Z 0041d6af f i libucrt:unlink.obj
 0001:0001c6d0       _remove                    0041d6d0 f   libucrt:unlink.obj
 0001:0001c740       _strcspn                   0041d740 f   libucrt:strcspn.obj
 0001:0001cb68       ??$count@D@formatting_buffer@__crt_stdio_output@@QBEIXZ 0041db68 f i libucrt:output.obj
 0001:0001cb80       ??$ensure_buffer_is_big_enough@D@formatting_buffer@__crt_stdio_output@@QAE_NIAAV__crt_cached_ptd_host@@@Z 0041db80 f i libucrt:output.obj
 0001:0001cc00       ??$is_overflow_condition@K@__crt_strtox@@YA_NIK@Z 0041dc00 f i libucrt:output.obj
 0001:0001cc34       ??$is_wide_character_specifier@D@__crt_stdio_output@@YA_N_KDW4length_modifier@0@@Z 0041dc34 f i libucrt:output.obj
 0001:0001cc65       ??$make_c_string_character_source@DPAPAD@__crt_strtox@@YA?AV?$c_string_character_source@D@0@QBDQAPAD@Z 0041dc65 f i libucrt:output.obj
 0001:0001cc65       ??$make_c_string_character_source@_WPAPA_W@__crt_strtox@@YA?AV?$c_string_character_source@_W@0@QB_WQAPA_W@Z 0041dc65 f i libucrt:output.obj
 0001:0001cc80       ??$parse_integer@KV?$c_string_character_source@D@__crt_strtox@@$0A@@__crt_strtox@@YAKAAV__crt_cached_ptd_host@@V?$c_string_character_source@D@0@H_N@Z 0041dc80 f i libucrt:output.obj
 0001:0001ce93       ??$scratch_data@D@formatting_buffer@__crt_stdio_output@@QAEPADXZ 0041de93 f i libucrt:output.obj
 0001:0001ceb1       ??$type_case_integer@$07@?$output_processor@DV?$stream_output_adapter@D@__crt_stdio_output@@V?$standard_base@DV?$stream_output_adapter@D@__crt_stdio_output@@@2@@__crt_stdio_output@@AAE_N_N@Z 0041deb1 f i libucrt:output.obj
 0001:0001ceb1       ??$type_case_integer@$07@?$output_processor@DV?$string_output_adapter@D@__crt_stdio_output@@V?$format_validation_base@DV?$string_output_adapter@D@__crt_stdio_output@@@2@@__crt_stdio_output@@AAE_N_N@Z 0041deb1 f i libucrt:output.obj
 0001:0001ceb1       ??$type_case_integer@$07@?$output_processor@DV?$string_output_adapter@D@__crt_stdio_output@@V?$standard_base@DV?$string_output_adapter@D@__crt_stdio_output@@@2@@__crt_stdio_output@@AAE_N_N@Z 0041deb1 f i libucrt:output.obj
 0001:0001d03e       ??$type_case_integer@$09@?$output_processor@DV?$stream_output_adapter@D@__crt_stdio_output@@V?$standard_base@DV?$stream_output_adapter@D@__crt_stdio_output@@@2@@__crt_stdio_output@@AAE_N_N@Z 0041e03e f i libucrt:output.obj
 0001:0001d03e       ??$type_case_integer@$09@?$output_processor@DV?$string_output_adapter@D@__crt_stdio_output@@V?$format_validation_base@DV?$string_output_adapter@D@__crt_stdio_output@@@2@@__crt_stdio_output@@AAE_N_N@Z 0041e03e f i libucrt:output.obj
 0001:0001d03e       ??$type_case_integer@$09@?$output_processor@DV?$string_output_adapter@D@__crt_stdio_output@@V?$standard_base@DV?$string_output_adapter@D@__crt_stdio_output@@@2@@__crt_stdio_output@@AAE_N_N@Z 0041e03e f i libucrt:output.obj
 0001:0001d1cb       ??$type_case_integer@$0BA@@?$output_processor@DV?$stream_output_adapter@D@__crt_stdio_output@@V?$standard_base@DV?$stream_output_adapter@D@__crt_stdio_output@@@2@@__crt_stdio_output@@AAE_N_N@Z 0041e1cb f i libucrt:output.obj
 0001:0001d1cb       ??$type_case_integer@$0BA@@?$output_processor@DV?$string_output_adapter@D@__crt_stdio_output@@V?$format_validation_base@DV?$string_output_adapter@D@__crt_stdio_output@@@2@@__crt_stdio_output@@AAE_N_N@Z 0041e1cb f i libucrt:output.obj
 0001:0001d1cb       ??$type_case_integer@$0BA@@?$output_processor@DV?$string_output_adapter@D@__crt_stdio_output@@V?$standard_base@DV?$string_output_adapter@D@__crt_stdio_output@@@2@@__crt_stdio_output@@AAE_N_N@Z 0041e1cb f i libucrt:output.obj
 0001:0001d358       ??$type_case_integer_parse_into_buffer@I$07@?$output_processor@DV?$stream_output_adapter@D@__crt_stdio_output@@V?$standard_base@DV?$stream_output_adapter@D@__crt_stdio_output@@@2@@__crt_stdio_output@@AAEXI_N@Z 0041e358 f i libucrt:output.obj
 0001:0001d358       ??$type_case_integer_parse_into_buffer@I$07@?$output_processor@DV?$string_output_adapter@D@__crt_stdio_output@@V?$format_validation_base@DV?$string_output_adapter@D@__crt_stdio_output@@@2@@__crt_stdio_output@@AAEXI_N@Z 0041e358 f i libucrt:output.obj
[...]
 0002:0002e630       __sehtable$__isindst       00499630     libucrt:tzset.obj
 0002:0002e650       __sehtable$___tzset        00499650     libucrt:tzset.obj
 0002:0002e670       __sehtable$??$common_getenv_s@_W@@YAHQAIQA_WIQB_W@Z 00499670     libucrt:getenv.obj
 0002:0002e690       __sehtable$??$common_dupenv_s@D@@YAHQAPADQAIQBDH2H@Z 00499690     libucrt:getenv.obj
 0002:0002e6b0       __sehtable$??$?RV<lambda_1f7e3ac85ca3635646511ad93ac0febe>@@AAV<lambda_555255fdfb9471e5fa7bfca50021c162>@@V<lambda_24f51f8b0c33fe186c624e6675644b7a>@@@?$__crt_seh_guarded_call@_N@@QAE_N$$QAV<lambda_1f7e3ac85ca3635646511ad93ac0febe>@@AAV<lambda_555255fdfb9471e5fa7bfca50021c162>@@$$QAV<lambda_24f51f8b0c33fe186c624e6675644b7a>@@@Z 004996b0     libucrt:spawnv.obj
 0002:0002e6d0       __sehtable$__alloc_osfhnd  004996d0     libucrt:osfinfo.obj
 0002:0002e6f0       __sehtable$___acrt_lowio_ensure_fh_exists 004996f0     libucrt:osfinfo.obj
 0002:0002e710       __sehtable$?update_thread_multibyte_data_internal@@YAPAU__crt_multibyte_data@@QAU__acrt_ptd@@QAPAU1@@Z 00499710     libucrt:mbctype.obj
 0002:0002e730       __sehtable$??$?RV<lambda_ceb1ee4838e85a9d631eb091e2fbe199>@@AAV<lambda_ae742caa10f662c28703da3d2ea5e57e>@@V<lambda_cd08b5d6af4937fe54fc07d0c9bf6b37>@@@?$__crt_seh_guarded_call@X@@QAEX$$QAV<lambda_ceb1ee4838e85a9d631eb091e2fbe199>@@AAV<lambda_ae742caa10f662c28703da3d2ea5e57e>@@$$QAV<lambda_cd08b5d6af4937fe54fc07d0c9bf6b37>@@@Z 00499730     libucrt:mbctype.obj
 0002:0002e750       __sehtable$___acrt_update_thread_locale_data 00499750     libucrt:locale_refcounting.obj
 0002:0002e770       __sehtable$??$common_sopen_dispatch@D@@YAHQBDHHHQAHH@Z 00499770     libucrt:open.obj
 0002:0002e790       __sehtable$__IsNonwritableInCurrentImage 00499790     LIBCMT:pesect.obj
 0002:0002e8f0       __sehtable$_main           004998f0     server.obj
 0002:0002ed4a       .idata$6                   00499d4a     libcurl_imp:libcurl.dll
 0002:0002edd8       .idata$6                   00499dd8     zdll:zlib1.dll
 0002:0002ee88       .idata$6                   00499e88     SDL2:SDL2.dll
 0002:0002eeac       .idata$6                   00499eac     ws2_32:WS2_32.dll
 0002:0002eee8       .idata$6                   00499ee8     winmm:WINMM.dll
 0002:0002ef66       .idata$6                   00499f66     Dbghelp:dbghelp.dll
 0002:0002f084       .idata$6                   0049a084     kernel32:KERNEL32.dll
 0002:0002f12c       .idata$6                   0049a12c     advapi32:ADVAPI32.dll
 0003:00000000       _callbacks                 0049b000     enet:callbacks.o
 0003:0000000c       ?init@std@@3JA             0049b00c     libcpmt:xlock.obj
 0003:00000014       ?atcount_cdecl@@3IA        0049b014     libcpmt:iosptrs.obj
 0003:000000a0       ?__vcrt_flsindex@@3KA      0049b0a0     libvcruntime:per_thread_data.obj
 0003:000001dc       ?errno_no_memory@@3HA      0049b1dc     libucrt:errno.obj
 0003:000001e0       ?doserrno_no_memory@@3KA   0049b1e0     libucrt:errno.obj
 0003:000001e4       __ctype_loc_style          0049b1e4     libucrt:wsetlocale.obj
 0003:000001f0       ?__acrt_flsindex@@3KA      0049b1f0     libucrt:per_thread_data.obj
 0003:000002f8       ?__DAZ_ENABLED@?1??__set_fpsr_sse2@@9@9 0049b2f8     libucrt:fpctrl.obj
 0003:00000400       ?tzstd_program@@3PADA      0049b400     libucrt:timeset.obj
 0003:00000440       ?tzdst_program@@3PADA      0049b440     libucrt:timeset.obj
 0003:00000480       ?w_tzstd_program@@3PA_WA   0049b480     libucrt:timeset.obj
 0003:00000500       ?w_tzdst_program@@3PA_WA   0049b500     libucrt:timeset.obj
 0003:00000580       ?tzname_states@@3PAY01PADA 0049b580     libucrt:timeset.obj
 0003:00000588       ?w_tzname_states@@3PAY01PA_WA 0049b588     libucrt:timeset.obj
 0003:00000590       ?dststart@@3Utransitiondate@?A0x7639d0b4@@A 0049b590     libucrt:tzset.obj
 0003:0000059c       ?dstend@@3Utransitiondate@?A0x7639d0b4@@A 0049b59c     libucrt:tzset.obj
 0003:000007c8       __mbctypes                 0049b7c8     libucrt:mbctype.obj
 0003:000008d0       __mbcasemaps               0049b8d0     libucrt:mbctype.obj
 0003:000009d0       ?__rgctypeflag@@3PADA      0049b9d0     libucrt:mbctype.obj
 0003:000009d8       ?__rgcode_page_info@@3PAUcode_page_info@@A 0049b9d8     libucrt:mbctype.obj
 0003:00000ad0       ?__dcrt_lowio_console_output_handle@@3PAXA 0049bad0     libucrt:initcon.obj
 0003:000017cc       ?cli_forced_mode@@3HA      0049c7cc     server.obj
 0003:000017d0       ?cli_user_ids@@3PAV?$basic_string@DU?$char_traits@D@std@@V?$allocator@D@2@@std@@A 0049c7d0     encryption.obj
 0003:000018c0       ?cli_user_ids@@3PAV?$basic_string@DU?$char_traits@D@std@@V?$allocator@D@2@@std@@A 0049c8c0     GameAPI.obj
 0003:000019b0       ?cli_user_ids@@3PAV?$basic_string@DU?$char_traits@D@std@@V?$allocator@D@2@@std@@A 0049c9b0     netutil.obj
 0003:00001ab8       ?mt_next@@3HA              0049cab8     crypto.obj
 0003:00001abc       ?facility@@3HA             0049cabc     log.obj
 0003:00002864       ?consolethreshold@@3HA     0049d864     log.obj
 0003:00002868       ?filethreshold@@3HA        0049d868     log.obj
 0003:0000286c       ?syslogthreshold@@3HA      0049d86c     log.obj
 0003:00003b50       ?cli_user_ids@@3PAV?$basic_string@DU?$char_traits@D@std@@V?$allocator@D@2@@std@@A 0049eb50     server.obj
 0003:00003c40       ?cli_user_ids@@3PAV?$basic_string@DU?$char_traits@D@std@@V?$allocator@D@2@@std@@A 0049ec40     serverms.obj
 0003:00003d48       ?cli_user_ids@@3PAV?$basic_string@DU?$char_traits@D@std@@V?$allocator@D@2@@std@@A 0049ed48     crypto.obj
 0003:00003e38       ?cli_user_ids@@3PAV?$basic_string@DU?$char_traits@D@std@@V?$allocator@D@2@@std@@A 0049ee38     log.obj
 0003:00003f28       ?cli_user_ids@@3PAV?$basic_string@DU?$char_traits@D@std@@V?$allocator@D@2@@std@@A 0049ef28     stream.obj
 0003:00004018       ?cli_user_ids@@3PAV?$basic_string@DU?$char_traits@D@std@@V?$allocator@D@2@@std@@A 0049f018     tools.obj
 0003:00004108       ?cli_user_ids@@3PAV?$basic_string@DU?$char_traits@D@std@@V?$allocator@D@2@@std@@A 0049f108     wizard.obj
 0003:000041f8       ?cli_user_ids@@3PAV?$basic_string@DU?$char_traits@D@std@@V?$allocator@D@2@@std@@A 0049f1f8     protocol1.obj
 0003:000042e8       ?debugmaprot@?1??poll_serverthreads@@YAXXZ@4_NA 0049f2e8     server.obj
 0003:000042f4       ?curcl@?1??checkdemotransmissions@@YAXXZ@4HA 0049f2f4     server.obj
 0003:000042f8       ?sc@?1??hiddenpwd@@YAPBDPBDH@Z@4HA 0049f2f8     tools.obj
 0003:00004300       ?sizetable@?1??msgsizelookup@@YAHH@Z@4PAHA 0049f300     protocol1.obj
 0003:00004d40       _timeBase                  0049fd40     enet:win32.o
 0003:00004d60       _dummyCommand.31470        0049fd60     enet:peer.o
 0003:00004dc0       _crcTable                  0049fdc0     enet:packet.o
 0003:000051c0       _initializedCRC32          004a01c0     enet:packet.o
 0003:000051e0       ?initlocks@std@@3V_Init_locks@1@A 004a01e0     libcpmt:xlock.obj
 0003:000051e8       ?mtx@std@@3PAU_RTL_CRITICAL_SECTION@@A 004a01e8     libcpmt:xlock.obj
 0003:000052c4       ?classic_locale@std@@3Vlocale@1@A 004a02c4     libcpmt:locale0.obj
 0003:000052cc       ?_Fac_head@std@@3PAU_Fac_node@1@A 004a02cc     libcpmt:locale0.obj
 0003:000052d0       ?_Fac_tidy_reg@std@@3U_Fac_tidy_reg_t@1@B 004a02d0     libcpmt:locale0.obj
 0003:000052d4       _global_locale             004a02d4     libcpmt:locale0.obj
 0003:000052d8       ?registered@?1??_Setgloballocale@locale@std@@CAXPAX@Z@4_NA 004a02d8     libcpmt:locale0.obj
 0003:000052e0       ?stdstr@std@@3PAPAVios_base@1@A 004a02e0     libcpmt:ios.obj
 0003:00005308       ?stdopens@std@@3PADA       004a0308     libcpmt:ios.obj
 0003:0000533c       ?initlocks@std@@3V_Init_locks@1@A 004a033c     libcpmt:iosptrs.obj
 0003:0000533d       ?init_atexit@@3U_Init_atexit@@A 004a033d     libcpmt:iosptrs.obj
 0003:00005340       ?atfuns_cdecl@@3PAP6AXXZA  004a0340     libcpmt:iosptrs.obj
 0003:000053e8       ?is_initialized_as_dll@@3_NA 004a03e8     LIBCMT:utility.obj
 0003:000053e9       ?module_local_atexit_table_initialized@@3_NA 004a03e9     LIBCMT:utility.obj
 0003:000053ec       ?module_local_atexit_table@@3U_onexit_table_t@@A 004a03ec     LIBCMT:utility.obj
 0003:000053f8       ?module_local_at_quick_exit_table@@3U_onexit_table_t@@A 004a03f8     LIBCMT:utility.obj
 0003:00005404       ?g_tss_cv@@3U_RTL_CONDITION_VARIABLE@@A 004a0404     LIBCMT:thread_safe_statics.obj
 0003:00005408       ?g_tss_srw@@3U_RTL_SRWLOCK@@A 004a0408     LIBCMT:thread_safe_statics.obj
 0003:00005430       ?__vcrt_startup_thread_ptd@@3U__vcrt_ptd@@A 004a0430     libvcruntime:per_thread_data.obj
 0003:00005458       ___vcrt_lock_table         004a0458     libvcruntime:locks.obj
 0003:00005470       ___vcrt_locks_initialized  004a0470     libvcruntime:locks.obj
 0003:00005474       ?c_termination_complete@@3JA 004a0474     libucrt:exit.obj
 0003:00005478       ?thread_local_exit_callback_func@@3P6GXPAXK0@ZA 004a0478     libucrt:exit.obj
 0003:0000547c       ?c_exit_complete@?1???R<lambda_6e4b09c48022b2350581041d5f6b0c4c>@@QBE@XZ@4_NA 004a047c     libucrt:exit.obj
 0003:00005492       ?console_ctrl_handler_installed@@3_NA 004a0492     libucrt:signal.obj
 0003:00005494       ?ctrlc_action@@3V?$dual_state_global@P6AXH@Z@__crt_state_management@@A 004a0494     libucrt:signal.obj
 0003:00005498       ?ctrlbreak_action@@3V?$dual_state_global@P6AXH@Z@__crt_state_management@@A 004a0498     libucrt:signal.obj
 0003:0000549c       ?abort_action@@3V?$dual_state_global@P6AXH@Z@__crt_state_management@@A 004a049c     libucrt:signal.obj
 0003:000054a0       ?term_action@@3V?$dual_state_global@P6AXH@Z@__crt_state_management@@A 004a04a0     libucrt:signal.obj
 0003:000054a8       ?__acrt_lock_table@@3PAU_RTL_CRITICAL_SECTION@@A 004a04a8     libucrt:locks.obj
 0003:00005610       ?__acrt_locks_initialized@@3IA 004a0610     libucrt:locks.obj
 0003:00005614       ?__acrt_new_handler@@3V?$dual_state_global@P6AHI@Z@__crt_state_management@@A 004a0614     libucrt:new_handler.obj
 0003:00005618       ?program_name@?1???$common_configure_argv@D@@YAHW4_crt_argv_mode@@@Z@4PADA 004a0618     libucrt:argv_parsing.obj
 0003:00005748       ?__acrt_app_type@@3W4_crt_app_type@@A 004a0748     libucrt:report_runtime_error.obj
 0003:0000574c       ?user_matherr@@3V?$dual_state_global@P6AHPAU_exception@@@Z@__crt_state_management@@A 004a074c     libucrt:matherr.obj
 0003:0000576c       ?__acrt_global_new_mode@@3V?$dual_state_global@J@__crt_state_management@@A 004a076c     libucrt:new_mode.obj
 0003:00005774       ?state_cache@?1???$get_cached_win_policy@Ubegin_thread_init_policy_properties@?1??__acrt_get_begin_thread_init_policy@@YA?AW4begin_thread_init_policy@@XZ@@@YA?AW4begin_thread_init_policy@@W4AppPolicyThreadInitializationType@@@Z@4JA 004a0774     libucrt:win_policies.obj
 0003:00005778       ?__acrt_invalid_parameter_handler@@3V?$dual_state_global@P6AXPB_W00II@Z@__crt_state_management@@A 004a0778     libucrt:invalid_parameter.obj
 0003:00005780       ?module_handles@@3PAPAUHINSTANCE__@@A 004a0780     libucrt:winapi_thunks.obj
 0003:000057dc       ?static_enum_proc@?1??enum_system_locales_ex_nolock@@YAHQ6GHPA_WKJ@Z@Z@4P6GH0KJ@ZA 004a07dc     libucrt:winapi_thunks.obj
 0003:000059ec       ?internal_state@?1??_mbtowc_internal@@9@4U_Mbstatet@@A 004a09ec     libucrt:mbtowc.obj
 0003:000059f4       ?internal_pst@?1??__mbrtoc32_utf8@__crt_mbstring@@YAIPA_UPBDIPAU_Mbstatet@@AAV__crt_cached_ptd_host@@@Z@4U3@A 004a09f4     libucrt:mbrtoc32.obj
 0003:000059fc       ?internal_pst@?1??__c16rtomb_utf8@__crt_mbstring@@YAIPAD_SPAU_Mbstatet@@AAV__crt_cached_ptd_host@@@Z@4U3@A 004a09fc     libucrt:c16rtomb.obj
 0003:00005a04       ?enable_percent_n@@3IA     004a0a04     libucrt:printf_count_output.obj
 0003:00005a1c       ?_tzname@@3V?$dual_state_global@PAPAD@__crt_state_management@@A 004a0a1c     libucrt:timeset.obj
 0003:00005a20       ?w_tzname@@3V?$dual_state_global@PAPA_W@__crt_state_management@@A 004a0a20     libucrt:timeset.obj
 0003:00005a24       ?last_wide_tz@@3PA_WA      004a0a24     libucrt:tzset.obj
 0003:00005a28       ?tz_api_used@@3HA          004a0a28     libucrt:tzset.obj
 0003:00005a2c       ?tzset_init_state@@3V?$dual_state_global@J@__crt_state_management@@A 004a0a2c     libucrt:tzset.obj
 0003:00005a30       ?tz_info@@3U_TIME_ZONE_INFORMATION@@A 004a0a30     libucrt:tzset.obj
 0003:00005ae8       ?fSystemSet@@3HA           004a0ae8     libucrt:mbctype.obj
 0003:00005aec       ?initialized@?1??__acrt_initialize_multibyte@@9@4_NA 004a0aec     libucrt:mbctype.obj
 0003:00005afc       __pmatherr_set             004a0afc     libucrt:libm_error.obj
 0003:00008bd4       ?g_waitingForPlayers@@3_NA 004a3bd4     server.obj
 0003:00008bd5       ?reliablemessages@@3_NA    004a3bd5     server.obj
 0003:00008bd6       ?timestamp@@3_NA           004a3bd6     log.obj
 0003:00008bd7       ?enabled@@3_NA             004a3bd7     log.obj
 0003:0000dfbc       ?mainthreadid@@3KA         004a8fbc     tools.obj
 0003:0000dfc0       ?threadlog@@3U?$ringbuf@PAUlogline_s@@$0CA@@@A 004a8fc0     log.obj
 0003:0000e048       ?threadlogfullsem@@3Usl_semaphore@@A 004a9048     log.obj
 0003:0000e050       ?mainlog@@3U?$ringbuf@PAUlogline_s@@$0EAA@@@A 004a9050     log.obj
 0003:0000f058       ?mainlogsem@@3Usl_semaphore@@A 004aa058     log.obj
 0003:0000f060       ?threadlogsem@@3Usl_semaphore@@A 004aa060     log.obj
 0003:0000f074       ?oldthreads@@3U?$vector@PAUsl_threadinfo@@@@A 004aa074     tools.obj
 0003:0000f080       ?sem_oldthreads@@3Usl_semaphore@@A 004aa080     tools.obj
 0003:0000f088       ?cli_lobby_id@@3HA         004aa088     server.obj
 0003:0000f08c       ?cli_user_count@@3HA       004aa08c     server.obj
 0003:0000f090       ?chokelog@@3PAEA           004aa090     server.obj
 0003:0000f198       ?cli_forced_map@@3PADA     004aa198     server.obj
 0003:0000f29c       ?curvote@@3PAUvoteinfo@@A  004aa29c     server.obj
 0003:0000f2a0       ?entpool@@3PAEA            004aa2a0     crypto.obj
 0003:0000f2b0       ?mt_state@@3PAIA           004aa2b0     crypto.obj
 0003:00010630       ?loglevelenabled@@3PADA    004ab630     log.obj
 0003:00010638       ?ident@@3PADA              004ab638     log.obj
 0003:0001073c       ?fp@@3PAU_iobuf@@A         004ab73c     log.obj
 0003:00010740       ?filepath@@3PADA           004ab740     log.obj
 0003:00010844       ?mainlogoverflow@@3HA      004ab844     log.obj
 0003:00010848       ?sl_sem_errorcountdummy@@3HA 004ab848     tools.obj
 0003:0001084c       ?crec@?1??serverslice@@YAXI@Z@4HA 004ab84c     server.obj
 0003:00010850       ?serverwasnotempty@?1??poll_serverthreads@@YAXXZ@4_NA 004ab850     server.obj
 0003:00010854       ?curdemoseq@?1??checkdemotransmissions@@YAXXZ@4HA 004ab854     server.obj
 0003:00010858       ?clientsequencecounter@?1??addclient@@YAAAUclient@@XZ@4HA 004ab858     server.obj
 0003:0001085c       ?dpointer@?1??checkdemotransmissions@@YAXXZ@4HA 004ab85c     server.obj
 0003:00010860       ?csend@?1??serverslice@@YAXI@Z@4HA 004ab860     server.obj
 0003:00010864       ?deferredprocessingthread_ti@?1??polldeferredprocessing@@YAXXZ@4PAXA 004ab864     server.obj
 0003:00010868       ?lasttime_eventeams@?1??refillteams@@YA_N_NH@Z@4HA 004ab868     server.obj
 0003:00010878       ?mnum@?1??serverslice@@YAXI@Z@4HA 004ab878     server.obj
 0003:0001087c       ?lastworkerthreadstart@?1??poll_serverthreads@@YAXXZ@4HA 004ab87c     server.obj
 0003:00010880       ?lastsend@?1??sendworldstate@@YAXXZ@4IA 004ab880     server.obj
 0003:00010884       ?mrec@?1??serverslice@@YAXI@Z@4HA 004ab884     server.obj
 0003:00010888       ?nextserverconfig@?1??poll_serverthreads@@YAXXZ@4HA 004ab888     server.obj
 0003:0001088c       ?lastThrottleEpoch@?1??serverslice@@YAXI@Z@4IA 004ab88c     server.obj
 0003:00010890       ?lastdemoslot@?1??initdemoslot@@YAPAUdemo_s@@XZ@4HA 004ab890     server.obj
 0003:00010894       ?curclseq@?1??checkdemotransmissions@@YAXXZ@4HA 004ab894     server.obj
 0003:00010898       ?stage@?1??poll_serverthreads@@YAXXZ@4HA 004ab898     server.obj
 0003:0001089c       ?msend@?1??serverslice@@YAXI@Z@4HA 004ab89c     server.obj
 0003:000108a0       ?readmaps_epoch@?1??readmapsthread@@YAHPAX@Z@4HA 004ab8a0     server.obj
 0003:000108a8       ?cnum@?1??serverslice@@YAXI@Z@4HA 004ab8a8     server.obj
 0003:000108bc       ?demosequencecounter@?1??initdemoslot@@YAPAUdemo_s@@XZ@4HA 004ab8bc     server.obj
 0003:000108c0       ?chokes_raw@?1??linequalitystats@@YAXH@Z@4PAIA 004ab8c0     server.obj
 0003:00010cd0       ?spent@?1??linequalitystats@@YAXH@Z@4PAIA 004abcd0     server.obj
 0003:000110e0       ?chokes@?1??linequalitystats@@YAXH@Z@4PAIA 004ac0e0     server.obj
 0003:000114f0       ?spent_raw@?1??linequalitystats@@YAXH@Z@4PAIA 004ac4f0     server.obj
 0003:000118f4       ?init@?1??hash_init@tiger@@YAPAUincremental_buffer@2@AAThashval@2@@Z@4_NA 004ac8f4     crypto.obj
 0003:000118f5       ?sum@?1??mix_block@@YAXPAEPBEH@Z@4EA 004ac8f5     crypto.obj
 0003:000118f8       ?next@?1??entropy_add_byte@@YAXE@Z@4HA 004ac8f8     crypto.obj
 0003:000118fc       ?logworkerthread_id@?1??initlogging@@YA_NPBDHHHH_N0@Z@4PAXA 004ac8fc     log.obj
 0003:00011900       ?stridx@?1??escapestring@@YAPBDPBD_N1PAU?$vector@D@@@Z@4HA 004ac900     protocol1.obj
 0003:00011908       ?curscore@?O@??findscore@@YAPAUsavedscore@@AAUclient@@_N@Z@4U2@A 004ac908     server.obj
 0003:00011a40       ?num@?1??numteamclients@@YAPAHH@Z@4PAHA 004aca40     server.obj
 0003:00011a60       ?pkt@?1??buildworldstate@@YA_NXZ@4PAU<unnamed-type-pkt>@?1??1@YA_NXZ@A 004aca60     server.obj
 0003:00012a60       ?$TSS0@?1??poll_serverthreads@@YAXXZ@4HA 004ada60     server.obj
 0003:00012a68       ?servermapstodelete@?1??poll_serverthreads@@YAXXZ@4U?$vector@PAUservermap@@@@A 004ada68     server.obj
 0003:00012ab0       ?sockset@?1??serverms@@YAXHHHPADHABU_ENetAddress@@PAH22222HPBDH@Z@4Ufd_set@@A 004adab0     serverms.obj
 0003:00012bb8       ?data@?1??serverms@@YAXHHHPADHABU_ENetAddress@@PAH22222HPBDH@Z@4PAEA 004adbb8     serverms.obj
 0003:00013f40       ?bufidx@?1??hashchunktoa@@YAPBD_K@Z@4HA 004aef40     crypto.obj
 0003:00013f48       ?temp@?1??genpwdhash@@YAPBDPBD0H@Z@4PADA 004aef48     crypto.obj
 0003:00014050       ?buf@?1??hashchunktoa@@YAPBD_K@Z@4PADA 004af050     crypto.obj
 0003:00014158       ?parent@?1??parentdir@@YAPBDPBD@Z@4PADA 004af158     stream.obj
 0003:00014260       ?strip@?4??createdir@@YA_NPBD@Z@4PADA 004af260     stream.obj
 0003:00014368       ?s@?1??findfile@@YAPBDPBD0@Z@4PADA 004af368     stream.obj
 0003:00014470       ?h@?1??peekmapheader@@YAPAUheader@@PAEH@Z@4U2@A 004af470     tools.obj
 0003:00014848       ?numt@?1??numtime@@YAPBDXZ@4PADA 004af848     tools.obj
 0003:00014950       ?text@?1??hiddenpwd@@YAPBDPBDH@Z@4PADA 004af950     tools.obj
 0003:00014a58       ?temp@?1??concatformatstring@@YAPADPADPBDZZ@4PADA 004afa58     tools.obj
 0003:00014b60       ?strbuf@?1??escapestring@@YAPBDPBD_N1PAU?$vector@D@@@Z@4PAU2@A 004afb60     protocol1.obj
 0003:00014b84       ?$TSS0@?1??escapestring@@YAPBDPBD_N1PAU?$vector@D@@@Z@4HA 004afb84     protocol1.obj
 0003:00014b88       ?res@?1??disc_reason@@YAPBDH@Z@4PADA 004afb88     protocol1.obj
 0004:00000000       ?function_pointers@@3PAPAXA 004b0000     libucrt:winapi_thunks.obj
 0005:000001c0       $R000000                   004b11c0     assaultcube.res
 0005:0000c728       $R00C568                   004bd728     assaultcube.res
 0005:0000ed90       $R00EBD0                   004bfd90     assaultcube.res
 0005:0000feb8       $R00FCF8                   004c0eb8     assaultcube.res
 0005:00010870       $R0106B0                   004c1870     assaultcube.res
 0005:00010cd8       $R010B18                   004c1cd8     assaultcube.res
 0005:00010d28       $R010B68                   004c1d28     assaultcube.res

 Exports

  ordinal    name

